Archive member included because of file (symbol)

.\CortexM0\ARM_GCC_484\Debug\BLE Lab 3.a(cyfitter_cfg.o)
                              .\CortexM0\ARM_GCC_484\Debug\Cm0Start.o (cyfitter_cfg)
.\CortexM0\ARM_GCC_484\Debug\BLE Lab 3.a(SW2_Switch.o)
                              .\CortexM0\ARM_GCC_484\Debug\main.o (SW2_Switch_ClearInterrupt)
.\CortexM0\ARM_GCC_484\Debug\BLE Lab 3.a(Wakeup_ISR.o)
                              .\CortexM0\ARM_GCC_484\Debug\main.o (Wakeup_ISR_Start)
.\CortexM0\ARM_GCC_484\Debug\BLE Lab 3.a(Led_Advertising_Green.o)
                              .\CortexM0\ARM_GCC_484\Debug\main.o (Led_Advertising_Green_Write)
.\CortexM0\ARM_GCC_484\Debug\BLE Lab 3.a(Led_Connected_Blue.o)
                              .\CortexM0\ARM_GCC_484\Debug\main.o (Led_Connected_Blue_Write)
.\CortexM0\ARM_GCC_484\Debug\BLE Lab 3.a(BLE_1_hrs.o)
                              .\CortexM0\ARM_GCC_484\Debug\main.o (CyBle_HrsRegisterAttrCallback)
.\CortexM0\ARM_GCC_484\Debug\BLE Lab 3.a(BLE_1.o)
                              .\CortexM0\ARM_GCC_484\Debug\BLE Lab 3.a(BLE_1_hrs.o) (CyBle_ApplCallback)
.\CortexM0\ARM_GCC_484\Debug\BLE Lab 3.a(BLE_1_gatt.o)
                              .\CortexM0\ARM_GCC_484\Debug\main.o (cyBle_state)
.\CortexM0\ARM_GCC_484\Debug\BLE Lab 3.a(BLE_1_eventHandler.o)
                              .\CortexM0\ARM_GCC_484\Debug\main.o (cyBle_connHandle)
.\CortexM0\ARM_GCC_484\Debug\BLE Lab 3.a(BLE_1_dis.o)
                              .\CortexM0\ARM_GCC_484\Debug\BLE Lab 3.a(BLE_1.o) (CyBle_DisInit)
.\CortexM0\ARM_GCC_484\Debug\BLE Lab 3.a(CyBootAsmGnu.o)
                              .\CortexM0\ARM_GCC_484\Debug\BLE Lab 3.a(cyfitter_cfg.o) (CyDelayCycles)
.\CortexM0\ARM_GCC_484\Debug\BLE Lab 3.a(CyLib.o)
                              .\CortexM0\ARM_GCC_484\Debug\BLE Lab 3.a(cyfitter_cfg.o) (CyDelayUs)
.\CortexM0\ARM_GCC_484\Debug\BLE Lab 3.a(cyPm.o)
                              .\CortexM0\ARM_GCC_484\Debug\main.o (CySysPmSleep)
.\CortexM0\ARM_GCC_484\Debug\BLE Lab 3.a(PWM1.o)
                              .\CortexM0\ARM_GCC_484\Debug\main.o (PWM1_Start)
.\CortexM0\ARM_GCC_484\Debug\BLE Lab 3.a(HRI.o)
                              .\CortexM0\ARM_GCC_484\Debug\HeartRateProcessing.o (HRI_Read)
C:\Program Files (x86)\Cypress\PSoC Creator\3.1\PSoC Creator\psoc\content\cycomponentlibrary\CyComponentLibrary.cylib\BLE_v1_20\Library\gccCyBLEStack_BLE_SOC_PERIPHERAL.a(CyBle.o)
                              .\CortexM0\ARM_GCC_484\Debug\main.o (CyBle_EnterLPM)
C:\Program Files (x86)\Cypress\PSoC Creator\3.1\PSoC Creator\psoc\content\cycomponentlibrary\CyComponentLibrary.cylib\BLE_v1_20\Library\gccCyBLEStack_BLE_SOC_PERIPHERAL.a(CyBleStackMgrIP_Interface.o)
                              C:\Program Files (x86)\Cypress\PSoC Creator\3.1\PSoC Creator\psoc\content\cycomponentlibrary\CyComponentLibrary.cylib\BLE_v1_20\Library\gccCyBLEStack_BLE_SOC_PERIPHERAL.a(CyBle.o) (CyBleStackMgr_BleGetConfigData)
C:\Program Files (x86)\Cypress\PSoC Creator\3.1\PSoC Creator\psoc\content\cycomponentlibrary\CyComponentLibrary.cylib\BLE_v1_20\Library\gccCyBLEStack_BLE_SOC_PERIPHERAL.a(BT_os.o)
                              C:\Program Files (x86)\Cypress\PSoC Creator\3.1\PSoC Creator\psoc\content\cycomponentlibrary\CyComponentLibrary.cylib\BLE_v1_20\Library\gccCyBLEStack_BLE_SOC_PERIPHERAL.a(CyBleStackMgrIP_Interface.o) (bt_stack_init_os)
C:\Program Files (x86)\Cypress\PSoC Creator\3.1\PSoC Creator\psoc\content\cycomponentlibrary\CyComponentLibrary.cylib\BLE_v1_20\Library\gccCyBLEStack_BLE_SOC_PERIPHERAL.a(CyBleStackMgr_StackTaskHandler.o)
                              C:\Program Files (x86)\Cypress\PSoC Creator\3.1\PSoC Creator\psoc\content\cycomponentlibrary\CyComponentLibrary.cylib\BLE_v1_20\Library\gccCyBLEStack_BLE_SOC_PERIPHERAL.a(CyBleStackMgrIP_Interface.o) (CyBle_CreateBleStackTask)
C:\Program Files (x86)\Cypress\PSoC Creator\3.1\PSoC Creator\psoc\content\cycomponentlibrary\CyComponentLibrary.cylib\BLE_v1_20\Library\gccCyBLEStack_BLE_SOC_PERIPHERAL.a(transport_sf.o)
                              C:\Program Files (x86)\Cypress\PSoC Creator\3.1\PSoC Creator\psoc\content\cycomponentlibrary\CyComponentLibrary.cylib\BLE_v1_20\Library\gccCyBLEStack_BLE_SOC_PERIPHERAL.a(CyBleStackMgr_StackTaskHandler.o) (hci_soft_transport_notify_data_received)
C:\Program Files (x86)\Cypress\PSoC Creator\3.1\PSoC Creator\psoc\content\cycomponentlibrary\CyComponentLibrary.cylib\BLE_v1_20\Library\gccCyBLEStack_BLE_SOC_PERIPHERAL.a(CyBleStackMgr_PSoCHal.o)
                              C:\Program Files (x86)\Cypress\PSoC Creator\3.1\PSoC Creator\psoc\content\cycomponentlibrary\CyComponentLibrary.cylib\BLE_v1_20\Library\gccCyBLEStack_BLE_SOC_PERIPHERAL.a(CyBleStackMgrIP_Interface.o) (CyBleStackMgr_HalInit)
C:\Program Files (x86)\Cypress\PSoC Creator\3.1\PSoC Creator\psoc\content\cycomponentlibrary\CyComponentLibrary.cylib\BLE_v1_20\Library\gccCyBLEStack_BLE_SOC_PERIPHERAL.a(CyBleStackMgr_BleSSDriver.o)
[...]
Memory Configuration

Name             Origin             Length             Attributes
rom              0x00000000         0x00020000         xr
ram              0x20000000         0x00004000         xrw
*default*        0x00000000         0xffffffff

Linker script and memory map

LOAD c:/program files (x86)/cypress/psoc creator/3.1/psoc creator/import/gnu_cs/arm/4.8.4/bin/../lib/gcc/arm-none-eabi/4.8.4/armv6-m/crti.o
LOAD c:/program files (x86)/cypress/psoc creator/3.1/psoc creator/import/gnu_cs/arm/4.8.4/bin/../lib/gcc/arm-none-eabi/4.8.4/armv6-m/crtbegin.o
LOAD c:/program files (x86)/cypress/psoc creator/3.1/psoc creator/import/gnu_cs/arm/4.8.4/bin/../lib/gcc/arm-none-eabi/4.8.4/../../../../arm-none-eabi/lib/armv6-m/crt0.o
START GROUP
LOAD .\CortexM0\ARM_GCC_484\Debug\main.o
LOAD .\CortexM0\ARM_GCC_484\Debug\HeartRateProcessing.o
LOAD .\CortexM0\ARM_GCC_484\Debug\BleProcessing.o
LOAD .\CortexM0\ARM_GCC_484\Debug\WatchdogTimer.o
LOAD .\CortexM0\ARM_GCC_484\Debug\cymetadata.o
LOAD .\CortexM0\ARM_GCC_484\Debug\Cm0Start.o
LOAD .\CortexM0\ARM_GCC_484\Debug\BLE Lab 3.a
LOAD C:\Program Files (x86)\Cypress\PSoC Creator\3.1\PSoC Creator\psoc\content\cycomponentlibrary\CyComponentLibrary.cylib\BLE_v1_20\Library\gccCyBLEStack_BLE_SOC_PERIPHERAL.a
LOAD C:\Program Files (x86)\Cypress\PSoC Creator\3.1\PSoC Creator\psoc\content\cycomponentlibrary\CyComponentLibrary.cylib\CortexM0\ARM_GCC_484\Debug\CyComponentLibrary.a
END GROUP
START GROUP
LOAD c:/program files (x86)/cypress/psoc creator/3.1/psoc creator/import/gnu_cs/arm/4.8.4/bin/../lib/gcc/arm-none-eabi/4.8.4/armv6-m\libgcc.a
LOAD c:/program files (x86)/cypress/psoc creator/3.1/psoc creator/import/gnu_cs/arm/4.8.4/bin/../lib/gcc/arm-none-eabi/4.8.4/../../../../arm-none-eabi/lib/armv6-m\libg_s.a
LOAD c:/program files (x86)/cypress/psoc creator/3.1/psoc creator/import/gnu_cs/arm/4.8.4/bin/../lib/gcc/arm-none-eabi/4.8.4/../../../../arm-none-eabi/lib/armv6-m\libc_s.a
END GROUP
START GROUP
LOAD c:/program files (x86)/cypress/psoc creator/3.1/psoc creator/import/gnu_cs/arm/4.8.4/bin/../lib/gcc/arm-none-eabi/4.8.4/armv6-m\libgcc.a
LOAD c:/program files (x86)/cypress/psoc creator/3.1/psoc creator/import/gnu_cs/arm/4.8.4/bin/../lib/gcc/arm-none-eabi/4.8.4/../../../../arm-none-eabi/lib/armv6-m\libc_s.a
END GROUP
LOAD c:/program files (x86)/cypress/psoc creator/3.1/psoc creator/import/gnu_cs/arm/4.8.4/bin/../lib/gcc/arm-none-eabi/4.8.4/armv6-m/crtend.o
LOAD c:/program files (x86)/cypress/psoc creator/3.1/psoc creator/import/gnu_cs/arm/4.8.4/bin/../lib/gcc/arm-none-eabi/4.8.4/armv6-m/crtn.o
START GROUP
LOAD c:/program files (x86)/cypress/psoc creator/3.1/psoc creator/import/gnu_cs/arm/4.8.4/bin/../lib/gcc/arm-none-eabi/4.8.4/armv6-m\libgcc.a
LOAD c:/program files (x86)/cypress/psoc creator/3.1/psoc creator/import/gnu_cs/arm/4.8.4/bin/../lib/gcc/arm-none-eabi/4.8.4/../../../../arm-none-eabi/lib/armv6-m\libc.a
LOAD c:/program files (x86)/cypress/psoc creator/3.1/psoc creator/import/gnu_cs/arm/4.8.4/bin/../lib/gcc/arm-none-eabi/4.8.4/../../../../arm-none-eabi/lib/armv6-m\libnosys.a
END GROUP
                0x00000000                CY_APPL_ORIGIN = 0x0
                0x00000080                CY_FLASH_ROW_SIZE = 0x80
                0x00000001                CY_APPL_NUM = 0x1
                0x00000040                CY_METADATA_SIZE = 0x40
                0x20002520                PROVIDE (__cy_heap_start, _end)
                0x00000001                PROVIDE (__cy_region_num, ((__cy_regions_end - __cy_regions) / 0x10))
                0x20004000                PROVIDE (__cy_stack, (ORIGIN (ram) + 0x4000))
                0x20003c00                PROVIDE (__cy_heap_end, (__cy_stack - 0x400))

.cybootloader   0x00000000        0x0
 *(.cybootloader)
                0x00000000                appl1_start = CY_APPL_ORIGIN?CY_APPL_ORIGIN:ALIGN (CY_FLASH_ROW_SIZE)
                0x0000ff80                appl2_start = (appl1_start + ALIGN ((((0x20000 - appl1_start) - (0x2 * CY_FLASH_ROW_SIZE)) / 0x2), CY_FLASH_ROW_SIZE))
                0x00000000                appl_start = (CY_APPL_NUM == 0x1)?appl1_start:appl2_start

.text           0x00000000     0x20bc
 CREATE_OBJECT_SYMBOLS
                0x00000000                PROVIDE (__cy_interrupt_vector, RomVectors)
 *(.romvectors)
 .romvectors    0x00000000       0x10 .\CortexM0\ARM_GCC_484\Debug\Cm0Start.o
                0x00000000                RomVectors
                0x00000001                ASSERT ((. != __cy_interrupt_vector), No interrupt vector)
                0x00000001                ASSERT (CY_APPL_ORIGIN?(SIZEOF (.cybootloader) <= CY_APPL_ORIGIN):0x1, Wrong image location)
                0x00000010                PROVIDE (__cy_reset, Reset)
 *(.text.Reset)
 .text.Reset    0x00000010        0x8 .\CortexM0\ARM_GCC_484\Debug\Cm0Start.o
                0x00000010                Reset
                0x00000001                ASSERT ((. != __cy_reset), No reset code)
 *(.psocinit)
 .psocinit      0x00000018      0x314 .\CortexM0\ARM_GCC_484\Debug\BLE Lab 3.a(cyfitter_cfg.o)
                0x000001b4                cyfitter_cfg
                0x0000032c                . = MAX (., 0x100)
 *(.text .text.* .gnu.linkonce.t.*)
 .text          0x0000032c       0x60 c:/program files (x86)/cypress/psoc creator/3.1/psoc creator/import/gnu_cs/arm/4.8.4/bin/../lib/gcc/arm-none-eabi/4.8.4/armv6-m/crtbegin.o
 .text.InitializeSystem
                0x0000038c       0x38 .\CortexM0\ARM_GCC_484\Debug\main.o
 .text.main     0x000003c4      0x12c .\CortexM0\ARM_GCC_484\Debug\main.o
                0x000003c4                main
 .text.ProcessHeartRateSignal
                0x000004f0       0xa4 .\CortexM0\ARM_GCC_484\Debug\HeartRateProcessing.o
                0x000004f0                ProcessHeartRateSignal
 .text.SendHeartRateOverBLE
                0x00000594       0x58 .\CortexM0\ARM_GCC_484\Debug\BleProcessing.o
                0x00000594                SendHeartRateOverBLE
 .text.HrsEventHandler
                0x000005ec       0x38 .\CortexM0\ARM_GCC_484\Debug\BleProcessing.o
                0x000005ec                HrsEventHandler
 .text.GeneralEventHandler
                0x00000624       0xac .\CortexM0\ARM_GCC_484\Debug\BleProcessing.o
                0x00000624                GeneralEventHandler
 .text.WatchdogTimer_Isr
                0x000006d0       0x20 .\CortexM0\ARM_GCC_484\Debug\WatchdogTimer.o
                0x000006d0                WatchdogTimer_Isr
 .text.WatchdogTimer_Start
                0x000006f0       0x48 .\CortexM0\ARM_GCC_484\Debug\WatchdogTimer.o
                0x000006f0                WatchdogTimer_Start
 .text.WatchdogTimer_GetTimestamp
                0x00000738       0x14 .\CortexM0\ARM_GCC_484\Debug\WatchdogTimer.o
                0x00000738                WatchdogTimer_GetTimestamp
 .text.IntDefaultHandler
                0x0000074c        0x8 .\CortexM0\ARM_GCC_484\Debug\Cm0Start.o
                0x0000074c                IntDefaultHandler
 .text.Start_c  0x00000754       0x98 .\CortexM0\ARM_GCC_484\Debug\Cm0Start.o
                0x00000754                Start_c
 .text.initialize_psoc
                0x000007ec       0x70 .\CortexM0\ARM_GCC_484\Debug\Cm0Start.o
                0x000007ec                initialize_psoc
 .text.CYMEMZERO
                0x0000085c       0x20 .\CortexM0\ARM_GCC_484\Debug\BLE Lab 3.a(cyfitter_cfg.o)
 .text.cfg_write_bytes32
                0x0000087c       0x80 .\CortexM0\ARM_GCC_484\Debug\BLE Lab 3.a(cyfitter_cfg.o)
 .text.AnalogSetDefault
                0x000008fc       0x64 .\CortexM0\ARM_GCC_484\Debug\BLE Lab 3.a(cyfitter_cfg.o)
 .text.SetAnalogRoutingPumps
                0x00000960       0x40 .\CortexM0\ARM_GCC_484\Debug\BLE Lab 3.a(cyfitter_cfg.o)
                0x00000960                SetAnalogRoutingPumps
 .text.SW2_Switch_ClearInterrupt
                0x000009a0       0x30 .\CortexM0\ARM_GCC_484\Debug\BLE Lab 3.a(SW2_Switch.o)
                0x000009a0                SW2_Switch_ClearInterrupt
 .text.Wakeup_ISR_Start
                0x000009d0       0x24 .\CortexM0\ARM_GCC_484\Debug\BLE Lab 3.a(Wakeup_ISR.o)
                0x000009d0                Wakeup_ISR_Start
 .text.Wakeup_ISR_Interrupt
                0x000009f4        0x8 .\CortexM0\ARM_GCC_484\Debug\BLE Lab 3.a(Wakeup_ISR.o)
                0x000009f4                Wakeup_ISR_Interrupt
 .text.Wakeup_ISR_SetVector
                0x000009fc       0x18 .\CortexM0\ARM_GCC_484\Debug\BLE Lab 3.a(Wakeup_ISR.o)
                0x000009fc                Wakeup_ISR_SetVector
 .text.Wakeup_ISR_SetPriority
                0x00000a14       0x50 .\CortexM0\ARM_GCC_484\Debug\BLE Lab 3.a(Wakeup_ISR.o)
                0x00000a14                Wakeup_ISR_SetPriority
 .text.Wakeup_ISR_Enable
                0x00000a64       0x14 .\CortexM0\ARM_GCC_484\Debug\BLE Lab 3.a(Wakeup_ISR.o)
                0x00000a64                Wakeup_ISR_Enable
 .text.Wakeup_ISR_Disable
                0x00000a78       0x14 .\CortexM0\ARM_GCC_484\Debug\BLE Lab 3.a(Wakeup_ISR.o)
                0x00000a78                Wakeup_ISR_Disable
 .text.Led_Advertising_Green_Write
                0x00000a8c       0x4c .\CortexM0\ARM_GCC_484\Debug\BLE Lab 3.a(Led_Advertising_Green.o)
                0x00000a8c                Led_Advertising_Green_Write
 .text.Led_Advertising_Green_SetDriveMode
                0x00000ad8       0x30 .\CortexM0\ARM_GCC_484\Debug\BLE Lab 3.a(Led_Advertising_Green.o)
                0x00000ad8                Led_Advertising_Green_SetDriveMode
 .text.Led_Connected_Blue_Write
                0x00000b08       0x48 .\CortexM0\ARM_GCC_484\Debug\BLE Lab 3.a(Led_Connected_Blue.o)
                0x00000b08                Led_Connected_Blue_Write
 .text.Led_Connected_Blue_SetDriveMode
                0x00000b50       0x30 .\CortexM0\ARM_GCC_484\Debug\BLE Lab 3.a(Led_Connected_Blue.o)
                0x00000b50                Led_Connected_Blue_SetDriveMode
 .text.CyBle_HrsInit
                0x00000b80        0x8 .\CortexM0\ARM_GCC_484\Debug\BLE Lab 3.a(BLE_1_hrs.o)
                0x00000b80                CyBle_HrsInit
 .text.CyBle_HrsRegisterAttrCallback
                0x00000b88       0x18 .\CortexM0\ARM_GCC_484\Debug\BLE Lab 3.a(BLE_1_hrs.o)
                0x00000b88                CyBle_HrsRegisterAttrCallback
 .text.CyBle_HrssGetCharacteristicValue
                0x00000ba0       0x9c .\CortexM0\ARM_GCC_484\Debug\BLE Lab 3.a(BLE_1_hrs.o)
                0x00000ba0                CyBle_HrssGetCharacteristicValue
 .text.CyBle_HrssSendNotification
                0x00000c3c       0xd8 .\CortexM0\ARM_GCC_484\Debug\BLE Lab 3.a(BLE_1_hrs.o)
                0x00000c3c                CyBle_HrssSendNotification
 .text.CyBle_HrssWriteEventHandler
                0x00000d14      0x118 .\CortexM0\ARM_GCC_484\Debug\BLE Lab 3.a(BLE_1_hrs.o)
                0x00000d14                CyBle_HrssWriteEventHandler
 .text.CyBle_Init
                0x00000e2c       0x2c .\CortexM0\ARM_GCC_484\Debug\BLE Lab 3.a(BLE_1.o)
                0x00000e2c                CyBle_Init
 .text.CyBle_ServiceInit
                0x00000e58       0x10 .\CortexM0\ARM_GCC_484\Debug\BLE Lab 3.a(BLE_1.o)
                0x00000e58                CyBle_ServiceInit
 .text.CyBle_Start
                0x00000e68       0x90 .\CortexM0\ARM_GCC_484\Debug\BLE Lab 3.a(BLE_1.o)
                0x00000e68                CyBle_Start
 .text.CyBle_Stop
                0x00000ef8       0x1c .\CortexM0\ARM_GCC_484\Debug\BLE Lab 3.a(BLE_1.o)
                0x00000ef8                CyBle_Stop
 .text.CyBle_GappStartAdvertisement
                0x00000f14       0xc4 .\CortexM0\ARM_GCC_484\Debug\BLE Lab 3.a(BLE_1.o)
                0x00000f14                CyBle_GappStartAdvertisement
 .text.CyBle_ChangeAdDeviceAddress
                0x00000fd8       0x60 .\CortexM0\ARM_GCC_484\Debug\BLE Lab 3.a(BLE_1.o)
                0x00000fd8                CyBle_ChangeAdDeviceAddress
 .text.CyBle_Get16ByPtr
                0x00001038       0x24 .\CortexM0\ARM_GCC_484\Debug\BLE Lab 3.a(BLE_1.o)
                0x00001038                CyBle_Get16ByPtr
 .text.CyBle_GattsWriteEventHandler
                0x0000105c       0xa0 .\CortexM0\ARM_GCC_484\Debug\BLE Lab 3.a(BLE_1_gatt.o)
                0x0000105c                CyBle_GattsWriteEventHandler
 .text.CyBle_WriteReqHandler
                0x000010fc       0x98 .\CortexM0\ARM_GCC_484\Debug\BLE Lab 3.a(BLE_1_eventHandler.o)
 .text.CyBle_ValueConfirmation
                0x00001194       0x10 .\CortexM0\ARM_GCC_484\Debug\BLE Lab 3.a(BLE_1_eventHandler.o)
 .text.CyBle_GattDisconnectEventHandler
                0x000011a4       0x18 .\CortexM0\ARM_GCC_484\Debug\BLE Lab 3.a(BLE_1_eventHandler.o)
 .text.CyBle_TimeOutEventHandler
                0x000011bc       0x10 .\CortexM0\ARM_GCC_484\Debug\BLE Lab 3.a(BLE_1_eventHandler.o)
 .text.CyBle_GattConnectReqHandler
                0x000011cc        0x8 .\CortexM0\ARM_GCC_484\Debug\BLE Lab 3.a(BLE_1_eventHandler.o)
 .text.CyBle_IsDeviceAddressValid
                0x000011d4       0x60 .\CortexM0\ARM_GCC_484\Debug\BLE Lab 3.a(BLE_1_eventHandler.o)
 .text.CyBle_L2Cap_ConnParamUpdateRspEventHandler
                0x00001234       0x14 .\CortexM0\ARM_GCC_484\Debug\BLE Lab 3.a(BLE_1_eventHandler.o)
 .text.CyBle_GapConnUpdateCompleteEventHandler
                0x00001248       0x10 .\CortexM0\ARM_GCC_484\Debug\BLE Lab 3.a(BLE_1_eventHandler.o)
 .text.CyBle_EventHandler
                0x00001258      0x2bc .\CortexM0\ARM_GCC_484\Debug\BLE Lab 3.a(BLE_1_eventHandler.o)
                0x00001258                CyBle_EventHandler
 .text.CyBle_DisInit
                0x00001514        0x8 .\CortexM0\ARM_GCC_484\Debug\BLE Lab 3.a(BLE_1_dis.o)
                0x00001514                CyBle_DisInit
 *fill*         0x0000151c        0x4 
 .text          0x00001520       0x20 .\CortexM0\ARM_GCC_484\Debug\BLE Lab 3.a(CyBootAsmGnu.o)
                0x00001520                CyDelayCycles
                0x00001532                CyEnterCriticalSection
                0x0000153a                CyExitCriticalSection
 .text.CySysClkWcoSetHighPowerMode
                0x00001540       0x3c .\CortexM0\ARM_GCC_484\Debug\BLE Lab 3.a(CyLib.o)
 .text.CySysClkWcoSetLowPowerMode
                0x0000157c       0x48 .\CortexM0\ARM_GCC_484\Debug\BLE Lab 3.a(CyLib.o)
 .text.CySysClkWriteSysclkDiv
                0x000015c4       0x44 .\CortexM0\ARM_GCC_484\Debug\BLE Lab 3.a(CyLib.o)
                0x000015c4                CySysClkWriteSysclkDiv
 .text.CySysClkEcoStart
                0x00001608       0x74 .\CortexM0\ARM_GCC_484\Debug\BLE Lab 3.a(CyLib.o)
                0x00001608                CySysClkEcoStart
 .text.CySysClkEcoReadStatus
                0x0000167c       0x18 .\CortexM0\ARM_GCC_484\Debug\BLE Lab 3.a(CyLib.o)
                0x0000167c                CySysClkEcoReadStatus
 .text.CySysClkWcoStart
                0x00001694       0x20 .\CortexM0\ARM_GCC_484\Debug\BLE Lab 3.a(CyLib.o)
                0x00001694                CySysClkWcoStart
 .text.CySysClkWcoSetPowerMode
                0x000016b4       0x40 .\CortexM0\ARM_GCC_484\Debug\BLE Lab 3.a(CyLib.o)
                0x000016b4                CySysClkWcoSetPowerMode
 .text.CySysWdtLock
                0x000016f4       0x34 .\CortexM0\ARM_GCC_484\Debug\BLE Lab 3.a(CyLib.o)
                0x000016f4                CySysWdtLock
 .text.CySysWdtLocked
                0x00001728       0x20 .\CortexM0\ARM_GCC_484\Debug\BLE Lab 3.a(CyLib.o)
 .text.CySysWdtUnlock
                0x00001748       0x4c .\CortexM0\ARM_GCC_484\Debug\BLE Lab 3.a(CyLib.o)
                0x00001748                CySysWdtUnlock
 .text.CySysWdtReadEnabledStatus
                0x00001794       0x30 .\CortexM0\ARM_GCC_484\Debug\BLE Lab 3.a(CyLib.o)
                0x00001794                CySysWdtReadEnabledStatus
 .text.CySysWdtWriteMode
                0x000017c4       0x60 .\CortexM0\ARM_GCC_484\Debug\BLE Lab 3.a(CyLib.o)
                0x000017c4                CySysWdtWriteMode
 .text.CySysWdtWriteClearOnMatch
                0x00001824       0x70 .\CortexM0\ARM_GCC_484\Debug\BLE Lab 3.a(CyLib.o)
                0x00001824                CySysWdtWriteClearOnMatch
 .text.CySysWdtEnable
                0x00001894       0x64 .\CortexM0\ARM_GCC_484\Debug\BLE Lab 3.a(CyLib.o)
                0x00001894                CySysWdtEnable
 .text.CySysWdtWriteMatch
                0x000018f8       0x90 .\CortexM0\ARM_GCC_484\Debug\BLE Lab 3.a(CyLib.o)
                0x000018f8                CySysWdtWriteMatch
 .text.CySysWdtClearInterrupt
                0x00001988       0x6c .\CortexM0\ARM_GCC_484\Debug\BLE Lab 3.a(CyLib.o)
                0x00001988                CySysWdtClearInterrupt
 .text.CyIntSetVector
                0x000019f4       0x4c .\CortexM0\ARM_GCC_484\Debug\BLE Lab 3.a(CyLib.o)
                0x000019f4                CyIntSetVector
 .text.CyIntEnable
                0x00001a40       0x2c .\CortexM0\ARM_GCC_484\Debug\BLE Lab 3.a(CyLib.o)
                0x00001a40                CyIntEnable
 .text.CyHalt   0x00001a6c       0x14 .\CortexM0\ARM_GCC_484\Debug\BLE Lab 3.a(CyLib.o)
                0x00001a6c                CyHalt
 .text.CyDelay  0x00001a80       0x48 .\CortexM0\ARM_GCC_484\Debug\BLE Lab 3.a(CyLib.o)
                0x00001a80                CyDelay
 .text.CyDelayUs
                0x00001ac8       0x28 .\CortexM0\ARM_GCC_484\Debug\BLE Lab 3.a(CyLib.o)
                0x00001ac8                CyDelayUs
 .text.CySysPmSleep
                0x00001af0       0x34 .\CortexM0\ARM_GCC_484\Debug\BLE Lab 3.a(cyPm.o)
                0x00001af0                CySysPmSleep
 .text.CySysPmDeepSleep
                0x00001b24       0x6c .\CortexM0\ARM_GCC_484\Debug\BLE Lab 3.a(cyPm.o)
                0x00001b24                CySysPmDeepSleep
 .text.CySysPmHibernate
                0x00001b90       0x6c .\CortexM0\ARM_GCC_484\Debug\BLE Lab 3.a(cyPm.o)
                0x00001b90                CySysPmHibernate
 .text.PWM1_Init
                0x00001bfc       0x54 .\CortexM0\ARM_GCC_484\Debug\BLE Lab 3.a(PWM1.o)
                0x00001bfc                PWM1_Init
 .text.PWM1_Enable
                0x00001c50       0x38 .\CortexM0\ARM_GCC_484\Debug\BLE Lab 3.a(PWM1.o)
                0x00001c50                PWM1_Enable
 .text.PWM1_Start
                0x00001c88       0x24 .\CortexM0\ARM_GCC_484\Debug\BLE Lab 3.a(PWM1.o)
                0x00001c88                PWM1_Start
 .text.PWM1_WriteCounter
                0x00001cac       0x1c .\CortexM0\ARM_GCC_484\Debug\BLE Lab 3.a(PWM1.o)
                0x00001cac                PWM1_WriteCounter
 .text.PWM1_WritePeriod
                0x00001cc8       0x1c .\CortexM0\ARM_GCC_484\Debug\BLE Lab 3.a(PWM1.o)
                0x00001cc8                PWM1_WritePeriod
 .text.PWM1_WriteCompare
                0x00001ce4       0x1c .\CortexM0\ARM_GCC_484\Debug\BLE Lab 3.a(PWM1.o)
                0x00001ce4                PWM1_WriteCompare
 .text.PWM1_TriggerCommand
                0x00001d00       0x3c .\CortexM0\ARM_GCC_484\Debug\BLE Lab 3.a(PWM1.o)
                0x00001d00                PWM1_TriggerCommand
 .text.PWM1_SetInterruptMode
                0x00001d3c       0x18 .\CortexM0\ARM_GCC_484\Debug\BLE Lab 3.a(PWM1.o)
                0x00001d3c                PWM1_SetInterruptMode
 .text.HRI_Read
                0x00001d54       0x1c .\CortexM0\ARM_GCC_484\Debug\BLE Lab 3.a(HRI.o)
                0x00001d54                HRI_Read
 .text.CyBLE_Bless_LlRegWrite
                0x00001d70       0x1c .\CortexM0\ARM_GCC_484\Debug\BLE Lab 3.a(BLE_1_HAL_PVT.o)
                0x00001d70                CyBLE_Bless_LlRegWrite
 .text.CyBLE_Bless_RfRegWrite
                0x00001d8c       0x1c .\CortexM0\ARM_GCC_484\Debug\BLE Lab 3.a(BLE_1_HAL_PVT.o)
                0x00001d8c                CyBLE_Bless_RfRegWrite
 .text.CyBleHal_DelayUs
                0x00001da8       0x1c .\CortexM0\ARM_GCC_484\Debug\BLE Lab 3.a(BLE_1_HAL_PVT.o)
                0x00001da8                CyBleHal_DelayUs
 .text.CyBleHal_EnableGlobalInterrupts
                0x00001dc4        0xc .\CortexM0\ARM_GCC_484\Debug\BLE Lab 3.a(BLE_1_HAL_PVT.o)
                0x00001dc4                CyBleHal_EnableGlobalInterrupts
 .text.CyBleHal_DisableGlobalInterrupts
                0x00001dd0        0xc .\CortexM0\ARM_GCC_484\Debug\BLE Lab 3.a(BLE_1_HAL_PVT.o)
                0x00001dd0                CyBleHal_DisableGlobalInterrupts
 .text.CyBle_HalInit
                0x00001ddc       0x20 .\CortexM0\ARM_GCC_484\Debug\BLE Lab 3.a(BLE_1_HAL_PVT.o)
                0x00001ddc                CyBle_HalInit
 .text.CYBLE_BlessStart
                0x00001dfc       0x14 .\CortexM0\ARM_GCC_484\Debug\BLE Lab 3.a(BLE_1_HAL_PVT.o)
                0x00001dfc                CYBLE_BlessStart
 .text.BLE_1_bless_isr_StartEx
                0x00001e10       0x24 .\CortexM0\ARM_GCC_484\Debug\BLE Lab 3.a(BLE_1_bless_isr.o)
                0x00001e10                BLE_1_bless_isr_StartEx
 .text.BLE_1_bless_isr_SetVector
                0x00001e34       0x18 .\CortexM0\ARM_GCC_484\Debug\BLE Lab 3.a(BLE_1_bless_isr.o)
                0x00001e34                BLE_1_bless_isr_SetVector
 .text.BLE_1_bless_isr_SetPriority
                0x00001e4c       0x50 .\CortexM0\ARM_GCC_484\Debug\BLE Lab 3.a(BLE_1_bless_isr.o)
                0x00001e4c                BLE_1_bless_isr_SetPriority
 .text.BLE_1_bless_isr_Enable
                0x00001e9c       0x14 .\CortexM0\ARM_GCC_484\Debug\BLE Lab 3.a(BLE_1_bless_isr.o)
                0x00001e9c                BLE_1_bless_isr_Enable
 .text.BLE_1_bless_isr_Disable
                0x00001eb0       0x14 .\CortexM0\ARM_GCC_484\Debug\BLE Lab 3.a(BLE_1_bless_isr.o)
                0x00001eb0                BLE_1_bless_isr_Disable
 .text.CyBLE_Bless_Interrupt
                0x00001ec4        0xc .\CortexM0\ARM_GCC_484\Debug\BLE Lab 3.a(BLE_1_HAL_INT.o)
                0x00001ec4                CyBLE_Bless_Interrupt
 .text          0x00001ed0       0x9c c:/program files (x86)/cypress/psoc creator/3.1/psoc creator/import/gnu_cs/arm/4.8.4/bin/../lib/gcc/arm-none-eabi/4.8.4/armv6-m\libgcc.a(_udivsi3.o)
                0x00001ed0                __aeabi_uidiv
                0x00001ed0                __udivsi3
                0x00001f58                __aeabi_uidivmod
 .text          0x00001f6c       0xc0 c:/program files (x86)/cypress/psoc creator/3.1/psoc creator/import/gnu_cs/arm/4.8.4/bin/../lib/gcc/arm-none-eabi/4.8.4/armv6-m\libgcc.a(_divsi3.o)
                0x00001f6c                __divsi3
                0x00001f6c                __aeabi_idiv
                0x00002018                __aeabi_idivmod
 .text          0x0000202c        0x4 c:/program files (x86)/cypress/psoc creator/3.1/psoc creator/import/gnu_cs/arm/4.8.4/bin/../lib/gcc/arm-none-eabi/4.8.4/armv6-m\libgcc.a(_dvmd_tls.o)
                0x0000202c                __aeabi_idiv0
                0x0000202c                __aeabi_ldiv0
 .text.__libc_init_array
                0x00002030       0x4c c:/program files (x86)/cypress/psoc creator/3.1/psoc creator/import/gnu_cs/arm/4.8.4/bin/../lib/gcc/arm-none-eabi/4.8.4/../../../../arm-none-eabi/lib/armv6-m\libg_s.a(lib_a-init.o)
                0x00002030                __libc_init_array
 .text.memcmp   0x0000207c       0x1e c:/program files (x86)/cypress/psoc creator/3.1/psoc creator/import/gnu_cs/arm/4.8.4/bin/../lib/gcc/arm-none-eabi/4.8.4/../../../../arm-none-eabi/lib/armv6-m\libg_s.a(lib_a-memcmp.o)
                0x0000207c                memcmp
 .text.memcpy   0x0000209a       0x12 c:/program files (x86)/cypress/psoc creator/3.1/psoc creator/import/gnu_cs/arm/4.8.4/bin/../lib/gcc/arm-none-eabi/4.8.4/../../../../arm-none-eabi/lib/armv6-m\libg_s.a(lib_a-memcpy-stub.o)
                0x0000209a                memcpy
 .text.memset   0x000020ac       0x10 c:/program files (x86)/cypress/psoc creator/3.1/psoc creator/import/gnu_cs/arm/4.8.4/bin/../lib/gcc/arm-none-eabi/4.8.4/../../../../arm-none-eabi/lib/armv6-m\libg_s.a(lib_a-memset.o)
                0x000020ac                memset
 *(.plt)
 *(.gnu.warning)
 *(.glue_7t)
 .glue_7t       0x00000000        0x0 linker stubs
 *(.glue_7)
 .glue_7        0x00000000        0x0 linker stubs
 *(.vfp11_veneer)
 .vfp11_veneer  0x00000000        0x0 linker stubs
 *(.bootloader)
 *(.ARM.extab* .gnu.linkonce.armextab.*)
 *(.gcc_except_table)

.v4_bx          0x000020bc        0x0
 .v4_bx         0x00000000        0x0 linker stubs

.iplt           0x000020bc        0x0
 .iplt          0x00000000        0x0 c:/program files (x86)/cypress/psoc creator/3.1/psoc creator/import/gnu_cs/arm/4.8.4/bin/../lib/gcc/arm-none-eabi/4.8.4/armv6-m/crtbegin.o

i.CyBle_EnterLPM
                0x000020bc        0x8
 i.CyBle_EnterLPM
                0x000020bc        0x8 C:\Program Files (x86)\Cypress\PSoC Creator\3.1\PSoC Creator\psoc\content\cycomponentlibrary\CyComponentLibrary.cylib\BLE_v1_20\Library\gccCyBLEStack_BLE_SOC_PERIPHERAL.a(CyBle.o)
                0x000020bc                CyBle_EnterLPM

i.CyBle_ExitLPM
                0x000020c4        0x8
 i.CyBle_ExitLPM
                0x000020c4        0x8 C:\Program Files (x86)\Cypress\PSoC Creator\3.1\PSoC Creator\psoc\content\cycomponentlibrary\CyComponentLibrary.cylib\BLE_v1_20\Library\gccCyBLEStack_BLE_SOC_PERIPHERAL.a(CyBle.o)
                0x000020c4                CyBle_ExitLPM

i.CyBle_ProcessEvents
                0x000020cc        0x8
 i.CyBle_ProcessEvents
                0x000020cc        0x8 C:\Program Files (x86)\Cypress\PSoC Creator\3.1\PSoC Creator\psoc\content\cycomponentlibrary\CyComponentLibrary.cylib\BLE_v1_20\Library\gccCyBLEStack_BLE_SOC_PERIPHERAL.a(CyBle.o)
                0x000020cc                CyBle_ProcessEvents

i.CyBle_SetDeviceAddress
                0x000020d4       0x24
 i.CyBle_SetDeviceAddress
                0x000020d4       0x24 C:\Program Files (x86)\Cypress\PSoC Creator\3.1\PSoC Creator\psoc\content\cycomponentlibrary\CyComponentLibrary.cylib\BLE_v1_20\Library\gccCyBLEStack_BLE_SOC_PERIPHERAL.a(CyBle.o)
                0x000020d4                CyBle_SetDeviceAddress

i.CyBle_Shutdown
                0x000020f8       0x28
 i.CyBle_Shutdown
                0x000020f8       0x28 C:\Program Files (x86)\Cypress\PSoC Creator\3.1\PSoC Creator\psoc\content\cycomponentlibrary\CyComponentLibrary.cylib\BLE_v1_20\Library\gccCyBLEStack_BLE_SOC_PERIPHERAL.a(CyBle.o)
                0x000020f8                CyBle_Shutdown

i.CyBle_StackInit
                0x00002120       0x84
 i.CyBle_StackInit
                0x00002120       0x84 C:\Program Files (x86)\Cypress\PSoC Creator\3.1\PSoC Creator\psoc\content\cycomponentlibrary\CyComponentLibrary.cylib\BLE_v1_20\Library\gccCyBLEStack_BLE_SOC_PERIPHERAL.a(CyBle.o)
                0x00002120                CyBle_StackInit

i.CyBleStackMgr_BleGetConfigData
                0x000021a4        0x4
 i.CyBleStackMgr_BleGetConfigData
                0x000021a4        0x4 C:\Program Files (x86)\Cypress\PSoC Creator\3.1\PSoC Creator\psoc\content\cycomponentlibrary\CyComponentLibrary.cylib\BLE_v1_20\Library\gccCyBLEStack_BLE_SOC_PERIPHERAL.a(CyBleStackMgrIP_Interface.o)
                0x000021a4                CyBleStackMgr_BleGetConfigData

i.CyBleStackMgr_BleSetConfigData
                0x000021a8        0x4
 i.CyBleStackMgr_BleSetConfigData
                0x000021a8        0x4 C:\Program Files (x86)\Cypress\PSoC Creator\3.1\PSoC Creator\psoc\content\cycomponentlibrary\CyComponentLibrary.cylib\BLE_v1_20\Library\gccCyBLEStack_BLE_SOC_PERIPHERAL.a(CyBleStackMgrIP_Interface.o)
                0x000021a8                CyBleStackMgr_BleSetConfigData

i.CyBleStackMgr_Init
                0x000021ac      0x104
 i.CyBleStackMgr_Init
                0x000021ac      0x104 C:\Program Files (x86)\Cypress\PSoC Creator\3.1\PSoC Creator\psoc\content\cycomponentlibrary\CyComponentLibrary.cylib\BLE_v1_20\Library\gccCyBLEStack_BLE_SOC_PERIPHERAL.a(CyBleStackMgrIP_Interface.o)
                0x000021ac                CyBleStackMgr_Init

i.CyBleStackMgr_ProcessBleEvents
                0x000022b0       0x14
 i.CyBleStackMgr_ProcessBleEvents
                0x000022b0       0x14 C:\Program Files (x86)\Cypress\PSoC Creator\3.1\PSoC Creator\psoc\content\cycomponentlibrary\CyComponentLibrary.cylib\BLE_v1_20\Library\gccCyBLEStack_BLE_SOC_PERIPHERAL.a(CyBleStackMgrIP_Interface.o)
                0x000022b0                CyBleStackMgr_ProcessBleEvents

i.CyBleStackMgr_Reset
                0x000022c4       0x16
 i.CyBleStackMgr_Reset
                0x000022c4       0x16 C:\Program Files (x86)\Cypress\PSoC Creator\3.1\PSoC Creator\psoc\content\cycomponentlibrary\CyComponentLibrary.cylib\BLE_v1_20\Library\gccCyBLEStack_BLE_SOC_PERIPHERAL.a(CyBleStackMgrIP_Interface.o)
                0x000022c4                CyBleStackMgr_Reset

i.CyBleStackMgr_Shutdown
                0x000022dc       0x18
 i.CyBleStackMgr_Shutdown
                0x000022dc       0x18 C:\Program Files (x86)\Cypress\PSoC Creator\3.1\PSoC Creator\psoc\content\cycomponentlibrary\CyComponentLibrary.cylib\BLE_v1_20\Library\gccCyBLEStack_BLE_SOC_PERIPHERAL.a(CyBleStackMgrIP_Interface.o)
                0x000022dc                CyBleStackMgr_Shutdown

i.ble_stack_idle_task_callback
                0x000022f4        0x2
 i.ble_stack_idle_task_callback
                0x000022f4        0x2 C:\Program Files (x86)\Cypress\PSoC Creator\3.1\PSoC Creator\psoc\content\cycomponentlibrary\CyComponentLibrary.cylib\BLE_v1_20\Library\gccCyBLEStack_BLE_SOC_PERIPHERAL.a(CyBleStackMgrIP_Interface.o)
                0x000022f4                ble_stack_idle_task_callback

i.BT_OSFreeBuf  0x000022f8       0x18
 i.BT_OSFreeBuf
                0x000022f8       0x18 C:\Program Files (x86)\Cypress\PSoC Creator\3.1\PSoC Creator\psoc\content\cycomponentlibrary\CyComponentLibrary.cylib\BLE_v1_20\Library\gccCyBLEStack_BLE_SOC_PERIPHERAL.a(BT_os.o)
                0x000022f8                BT_OSFreeBuf

i.BT_OSGetBuF   0x00002310       0x1c
 i.BT_OSGetBuF  0x00002310       0x1c C:\Program Files (x86)\Cypress\PSoC Creator\3.1\PSoC Creator\psoc\content\cycomponentlibrary\CyComponentLibrary.cylib\BLE_v1_20\Library\gccCyBLEStack_BLE_SOC_PERIPHERAL.a(BT_os.o)
                0x00002310                BT_OSGetBuF

i.BT_OSMemCreate
                0x0000232c       0x1c
 i.BT_OSMemCreate
                0x0000232c       0x1c C:\Program Files (x86)\Cypress\PSoC Creator\3.1\PSoC Creator\psoc\content\cycomponentlibrary\CyComponentLibrary.cylib\BLE_v1_20\Library\gccCyBLEStack_BLE_SOC_PERIPHERAL.a(BT_os.o)
                0x0000232c                BT_OSMemCreate

i.BT_alloc_mem_ext
                0x00002348       0x34
 i.BT_alloc_mem_ext
                0x00002348       0x34 C:\Program Files (x86)\Cypress\PSoC Creator\3.1\PSoC Creator\psoc\content\cycomponentlibrary\CyComponentLibrary.cylib\BLE_v1_20\Library\gccCyBLEStack_BLE_SOC_PERIPHERAL.a(BT_os.o)
                0x00002348                BT_alloc_mem_ext

i.BT_free_mem   0x0000237c        0xc
 i.BT_free_mem  0x0000237c        0xc C:\Program Files (x86)\Cypress\PSoC Creator\3.1\PSoC Creator\psoc\content\cycomponentlibrary\CyComponentLibrary.cylib\BLE_v1_20\Library\gccCyBLEStack_BLE_SOC_PERIPHERAL.a(BT_os.o)
                0x0000237c                BT_free_mem

i.bt_stack_init_os
                0x00002388       0x34
 i.bt_stack_init_os
                0x00002388       0x34 C:\Program Files (x86)\Cypress\PSoC Creator\3.1\PSoC Creator\psoc\content\cycomponentlibrary\CyComponentLibrary.cylib\BLE_v1_20\Library\gccCyBLEStack_BLE_SOC_PERIPHERAL.a(BT_os.o)
                0x00002388                bt_stack_init_os

i.CyBle_CheckBleStackTaskStatus
                0x000023bc        0x4
 i.CyBle_CheckBleStackTaskStatus
                0x000023bc        0x4 C:\Program Files (x86)\Cypress\PSoC Creator\3.1\PSoC Creator\psoc\content\cycomponentlibrary\CyComponentLibrary.cylib\BLE_v1_20\Library\gccCyBLEStack_BLE_SOC_PERIPHERAL.a(CyBleStackMgr_StackTaskHandler.o)
                0x000023bc                CyBle_CheckBleStackTaskStatus

i.CyBle_CreateBleStackTask
                0x000023c0       0x2c
 i.CyBle_CreateBleStackTask
                0x000023c0       0x2c C:\Program Files (x86)\Cypress\PSoC Creator\3.1\PSoC Creator\psoc\content\cycomponentlibrary\CyComponentLibrary.cylib\BLE_v1_20\Library\gccCyBLEStack_BLE_SOC_PERIPHERAL.a(CyBleStackMgr_StackTaskHandler.o)
                0x000023c0                CyBle_CreateBleStackTask

i.CyBle_SignalBleStackTask
                0x000023ec       0x50
 i.CyBle_SignalBleStackTask
                0x000023ec       0x50 C:\Program Files (x86)\Cypress\PSoC Creator\3.1\PSoC Creator\psoc\content\cycomponentlibrary\CyComponentLibrary.cylib\BLE_v1_20\Library\gccCyBLEStack_BLE_SOC_PERIPHERAL.a(CyBleStackMgr_StackTaskHandler.o)
                0x000023ec                CyBle_SignalBleStackTask

i.CyBle_StackTaskHandler
                0x0000243c       0x5c
 i.CyBle_StackTaskHandler
                0x0000243c       0x5c C:\Program Files (x86)\Cypress\PSoC Creator\3.1\PSoC Creator\psoc\content\cycomponentlibrary\CyComponentLibrary.cylib\BLE_v1_20\Library\gccCyBLEStack_BLE_SOC_PERIPHERAL.a(CyBleStackMgr_StackTaskHandler.o)
                0x0000243c                CyBle_StackTaskHandler

i.__ARM_common_switch8
                0x00002498       0x1a
 i.__ARM_common_switch8
                0x00002498       0x1a C:\Program Files (x86)\Cypress\PSoC Creator\3.1\PSoC Creator\psoc\content\cycomponentlibrary\CyComponentLibrary.cylib\BLE_v1_20\Library\gccCyBLEStack_BLE_SOC_PERIPHERAL.a(CyBleStackMgr_StackTaskHandler.o)
                0x00002498                __ARM_common_switch8

i.hci_soft_transport_notify_data_received
                0x000024b4        0xc
 i.hci_soft_transport_notify_data_received
                0x000024b4        0xc C:\Program Files (x86)\Cypress\PSoC Creator\3.1\PSoC Creator\psoc\content\cycomponentlibrary\CyComponentLibrary.cylib\BLE_v1_20\Library\gccCyBLEStack_BLE_SOC_PERIPHERAL.a(transport_sf.o)
                0x000024b4                hci_soft_transport_notify_data_received

i.hci_soft_transport_rx_data
                0x000024c0       0x40
 i.hci_soft_transport_rx_data
                0x000024c0       0x40 C:\Program Files (x86)\Cypress\PSoC Creator\3.1\PSoC Creator\psoc\content\cycomponentlibrary\CyComponentLibrary.cylib\BLE_v1_20\Library\gccCyBLEStack_BLE_SOC_PERIPHERAL.a(transport_sf.o)
                0x000024c0                hci_soft_transport_rx_data

i.hci_transport_bt_init
                0x00002500        0x2
 i.hci_transport_bt_init
                0x00002500        0x2 C:\Program Files (x86)\Cypress\PSoC Creator\3.1\PSoC Creator\psoc\content\cycomponentlibrary\CyComponentLibrary.cylib\BLE_v1_20\Library\gccCyBLEStack_BLE_SOC_PERIPHERAL.a(transport_sf.o)
                0x00002500                hci_transport_bt_init

i.hci_transport_bt_shutdown
                0x00002502        0x2
 i.hci_transport_bt_shutdown
                0x00002502        0x2 C:\Program Files (x86)\Cypress\PSoC Creator\3.1\PSoC Creator\psoc\content\cycomponentlibrary\CyComponentLibrary.cylib\BLE_v1_20\Library\gccCyBLEStack_BLE_SOC_PERIPHERAL.a(transport_sf.o)
                0x00002502                hci_transport_bt_shutdown

i.hci_transport_init
                0x00002504       0x10
 i.hci_transport_init
                0x00002504       0x10 C:\Program Files (x86)\Cypress\PSoC Creator\3.1\PSoC Creator\psoc\content\cycomponentlibrary\CyComponentLibrary.cylib\BLE_v1_20\Library\gccCyBLEStack_BLE_SOC_PERIPHERAL.a(transport_sf.o)
                0x00002504                hci_transport_init

i.hci_transport_write_data
                0x00002514       0xd4
 i.hci_transport_write_data
                0x00002514       0xd4 C:\Program Files (x86)\Cypress\PSoC Creator\3.1\PSoC Creator\psoc\content\cycomponentlibrary\CyComponentLibrary.cylib\BLE_v1_20\Library\gccCyBLEStack_BLE_SOC_PERIPHERAL.a(transport_sf.o)
                0x00002514                hci_transport_write_data

i.pf_hci_soft_transport_write
                0x000025e8       0x44
 i.pf_hci_soft_transport_write
                0x000025e8       0x44 C:\Program Files (x86)\Cypress\PSoC Creator\3.1\PSoC Creator\psoc\content\cycomponentlibrary\CyComponentLibrary.cylib\BLE_v1_20\Library\gccCyBLEStack_BLE_SOC_PERIPHERAL.a(transport_sf.o)
                0x000025e8                pf_hci_soft_transport_write

i.pf_soft_hci_transport_init
                0x0000262c        0xc
 i.pf_soft_hci_transport_init
                0x0000262c        0xc C:\Program Files (x86)\Cypress\PSoC Creator\3.1\PSoC Creator\psoc\content\cycomponentlibrary\CyComponentLibrary.cylib\BLE_v1_20\Library\gccCyBLEStack_BLE_SOC_PERIPHERAL.a(transport_sf.o)
                0x0000262c                pf_soft_hci_transport_init

i.CyBleStackMgr_GetTime
                0x00002638       0x14
 i.CyBleStackMgr_GetTime
                0x00002638       0x14 C:\Program Files (x86)\Cypress\PSoC Creator\3.1\PSoC Creator\psoc\content\cycomponentlibrary\CyComponentLibrary.cylib\BLE_v1_20\Library\gccCyBLEStack_BLE_SOC_PERIPHERAL.a(CyBleStackMgr_PSoCHal.o)
                0x00002638                CyBleStackMgr_GetTime

i.CyBleStackMgr_HalInit
                0x0000264c       0x24
 i.CyBleStackMgr_HalInit
                0x0000264c       0x24 C:\Program Files (x86)\Cypress\PSoC Creator\3.1\PSoC Creator\psoc\content\cycomponentlibrary\CyComponentLibrary.cylib\BLE_v1_20\Library\gccCyBLEStack_BLE_SOC_PERIPHERAL.a(CyBleStackMgr_PSoCHal.o)
                0x0000264c                CyBleStackMgr_HalInit

i.CyBleStackMgr_HalIntrEnable
                0x00002670        0x8
 i.CyBleStackMgr_HalIntrEnable
                0x00002670        0x8 C:\Program Files (x86)\Cypress\PSoC Creator\3.1\PSoC Creator\psoc\content\cycomponentlibrary\CyComponentLibrary.cylib\BLE_v1_20\Library\gccCyBLEStack_BLE_SOC_PERIPHERAL.a(CyBleStackMgr_PSoCHal.o)
                0x00002670                CyBleStackMgr_HalIntrEnable

i.CyBleStackMgr_HalReset
                0x00002678        0x4
 i.CyBleStackMgr_HalReset
                0x00002678        0x4 C:\Program Files (x86)\Cypress\PSoC Creator\3.1\PSoC Creator\psoc\content\cycomponentlibrary\CyComponentLibrary.cylib\BLE_v1_20\Library\gccCyBLEStack_BLE_SOC_PERIPHERAL.a(CyBleStackMgr_PSoCHal.o)
                0x00002678                CyBleStackMgr_HalReset

i.CyBleStackMgr_HandleLinkLayerTick
                0x0000267c       0x5c
 i.CyBleStackMgr_HandleLinkLayerTick
                0x0000267c       0x5c C:\Program Files (x86)\Cypress\PSoC Creator\3.1\PSoC Creator\psoc\content\cycomponentlibrary\CyComponentLibrary.cylib\BLE_v1_20\Library\gccCyBLEStack_BLE_SOC_PERIPHERAL.a(CyBleStackMgr_PSoCHal.o)
                0x0000267c                CyBleStackMgr_HandleLinkLayerTick

i.CyBleStackMgr_HciPortInit
                0x000026d8        0xc
 i.CyBleStackMgr_HciPortInit
                0x000026d8        0xc C:\Program Files (x86)\Cypress\PSoC Creator\3.1\PSoC Creator\psoc\content\cycomponentlibrary\CyComponentLibrary.cylib\BLE_v1_20\Library\gccCyBLEStack_BLE_SOC_PERIPHERAL.a(CyBleStackMgr_PSoCHal.o)
                0x000026d8                CyBleStackMgr_HciPortInit

i.CyBleStackMgr_HciPortReset
                0x000026e4        0x2
 i.CyBleStackMgr_HciPortReset
                0x000026e4        0x2 C:\Program Files (x86)\Cypress\PSoC Creator\3.1\PSoC Creator\psoc\content\cycomponentlibrary\CyComponentLibrary.cylib\BLE_v1_20\Library\gccCyBLEStack_BLE_SOC_PERIPHERAL.a(CyBleStackMgr_PSoCHal.o)
                0x000026e4                CyBleStackMgr_HciPortReset

i.CyBleStackMgr_HciPortWrite
                0x000026e6        0x8
 i.CyBleStackMgr_HciPortWrite
                0x000026e6        0x8 C:\Program Files (x86)\Cypress\PSoC Creator\3.1\PSoC Creator\psoc\content\cycomponentlibrary\CyComponentLibrary.cylib\BLE_v1_20\Library\gccCyBLEStack_BLE_SOC_PERIPHERAL.a(CyBleStackMgr_PSoCHal.o)
                0x000026e6                CyBleStackMgr_HciPortWrite

i.CyBleStackMgr_ResetLinkLayerTimerEntity
                0x000026f0       0x14
 i.CyBleStackMgr_ResetLinkLayerTimerEntity
                0x000026f0       0x14 C:\Program Files (x86)\Cypress\PSoC Creator\3.1\PSoC Creator\psoc\content\cycomponentlibrary\CyComponentLibrary.cylib\BLE_v1_20\Library\gccCyBLEStack_BLE_SOC_PERIPHERAL.a(CyBleStackMgr_PSoCHal.o)
                0x000026f0                CyBleStackMgr_ResetLinkLayerTimerEntity

i.CyBleStackMgr_TimerStart
                0x00002704       0x2c
 i.CyBleStackMgr_TimerStart
                0x00002704       0x2c C:\Program Files (x86)\Cypress\PSoC Creator\3.1\PSoC Creator\psoc\content\cycomponentlibrary\CyComponentLibrary.cylib\BLE_v1_20\Library\gccCyBLEStack_BLE_SOC_PERIPHERAL.a(CyBleStackMgr_PSoCHal.o)
                0x00002704                CyBleStackMgr_TimerStart

i.CyBleStackMgr_TimerStop
                0x00002730       0x18
 i.CyBleStackMgr_TimerStop
                0x00002730       0x18 C:\Program Files (x86)\Cypress\PSoC Creator\3.1\PSoC Creator\psoc\content\cycomponentlibrary\CyComponentLibrary.cylib\BLE_v1_20\Library\gccCyBLEStack_BLE_SOC_PERIPHERAL.a(CyBleStackMgr_PSoCHal.o)
                0x00002730                CyBleStackMgr_TimerStop

i.CyBleStackMgr_isTimerRunning
                0x00002748       0x10
 i.CyBleStackMgr_isTimerRunning
                0x00002748       0x10 C:\Program Files (x86)\Cypress\PSoC Creator\3.1\PSoC Creator\psoc\content\cycomponentlibrary\CyComponentLibrary.cylib\BLE_v1_20\Library\gccCyBLEStack_BLE_SOC_PERIPHERAL.a(CyBleStackMgr_PSoCHal.o)
                0x00002748                CyBleStackMgr_isTimerRunning

i.CyBleAtlantisRadioInit
                0x00002758      0x1ac
 i.CyBleAtlantisRadioInit
                0x00002758      0x1ac C:\Program Files (x86)\Cypress\PSoC Creator\3.1\PSoC Creator\psoc\content\cycomponentlibrary\CyComponentLibrary.cylib\BLE_v1_20\Library\gccCyBLEStack_BLE_SOC_PERIPHERAL.a(CyBleStackMgr_BleSSDriver.o)

i.CyBleStackMgr_BleSSFifoRead
                0x00002904       0x38
 i.CyBleStackMgr_BleSSFifoRead
                0x00002904       0x38 C:\Program Files (x86)\Cypress\PSoC Creator\3.1\PSoC Creator\psoc\content\cycomponentlibrary\CyComponentLibrary.cylib\BLE_v1_20\Library\gccCyBLEStack_BLE_SOC_PERIPHERAL.a(CyBleStackMgr_BleSSDriver.o)
                0x00002904                CyBleStackMgr_BleSSFifoRead

i.CyBleStackMgr_BleSSFifoWrite
                0x0000293c       0x30
 i.CyBleStackMgr_BleSSFifoWrite
                0x0000293c       0x30 C:\Program Files (x86)\Cypress\PSoC Creator\3.1\PSoC Creator\psoc\content\cycomponentlibrary\CyComponentLibrary.cylib\BLE_v1_20\Library\gccCyBLEStack_BLE_SOC_PERIPHERAL.a(CyBleStackMgr_BleSSDriver.o)
                0x0000293c                CyBleStackMgr_BleSSFifoWrite

i.CyBleStackMgr_BleSSInit
                0x0000296c       0x50
 i.CyBleStackMgr_BleSSInit
                0x0000296c       0x50 C:\Program Files (x86)\Cypress\PSoC Creator\3.1\PSoC Creator\psoc\content\cycomponentlibrary\CyComponentLibrary.cylib\BLE_v1_20\Library\gccCyBLEStack_BLE_SOC_PERIPHERAL.a(CyBleStackMgr_BleSSDriver.o)
                0x0000296c                CyBleStackMgr_BleSSInit

i.CyBleStackMgr_BleSSMemRead
                0x000029bc       0x26
 i.CyBleStackMgr_BleSSMemRead
                0x000029bc       0x26 C:\Program Files (x86)\Cypress\PSoC Creator\3.1\PSoC Creator\psoc\content\cycomponentlibrary\CyComponentLibrary.cylib\BLE_v1_20\Library\gccCyBLEStack_BLE_SOC_PERIPHERAL.a(CyBleStackMgr_BleSSDriver.o)
                0x000029bc                CyBleStackMgr_BleSSMemRead

i.CyBleStackMgr_BleSSMemWrite
                0x000029e4       0x34
 i.CyBleStackMgr_BleSSMemWrite
                0x000029e4       0x34 C:\Program Files (x86)\Cypress\PSoC Creator\3.1\PSoC Creator\psoc\content\cycomponentlibrary\CyComponentLibrary.cylib\BLE_v1_20\Library\gccCyBLEStack_BLE_SOC_PERIPHERAL.a(CyBleStackMgr_BleSSDriver.o)
                0x000029e4                CyBleStackMgr_BleSSMemWrite

i.CyBleStackMgr_BleSSRegRead
                0x00002a18        0xc
 i.CyBleStackMgr_BleSSRegRead
                0x00002a18        0xc C:\Program Files (x86)\Cypress\PSoC Creator\3.1\PSoC Creator\psoc\content\cycomponentlibrary\CyComponentLibrary.cylib\BLE_v1_20\Library\gccCyBLEStack_BLE_SOC_PERIPHERAL.a(CyBleStackMgr_BleSSDriver.o)
                0x00002a18                CyBleStackMgr_BleSSRegRead

i.CyBleStackMgr_BleSSRegWrite
                0x00002a24        0xc
 i.CyBleStackMgr_BleSSRegWrite
                0x00002a24        0xc C:\Program Files (x86)\Cypress\PSoC Creator\3.1\PSoC Creator\psoc\content\cycomponentlibrary\CyComponentLibrary.cylib\BLE_v1_20\Library\gccCyBLEStack_BLE_SOC_PERIPHERAL.a(CyBleStackMgr_BleSSDriver.o)
                0x00002a24                CyBleStackMgr_BleSSRegWrite

i.CyBleStackMgr_BleSSReset
                0x00002a30       0x38
 i.CyBleStackMgr_BleSSReset
                0x00002a30       0x38 C:\Program Files (x86)\Cypress\PSoC Creator\3.1\PSoC Creator\psoc\content\cycomponentlibrary\CyComponentLibrary.cylib\BLE_v1_20\Library\gccCyBLEStack_BLE_SOC_PERIPHERAL.a(CyBleStackMgr_BleSSDriver.o)
                0x00002a30                CyBleStackMgr_BleSSReset

i.CyBleStackMgr_BleSSShutdown
                0x00002a68       0x24
 i.CyBleStackMgr_BleSSShutdown
                0x00002a68       0x24 C:\Program Files (x86)\Cypress\PSoC Creator\3.1\PSoC Creator\psoc\content\cycomponentlibrary\CyComponentLibrary.cylib\BLE_v1_20\Library\gccCyBLEStack_BLE_SOC_PERIPHERAL.a(CyBleStackMgr_BleSSDriver.o)
                0x00002a68                CyBleStackMgr_BleSSShutdown

i.CyBleStackMgr_GenericIface
                0x00002a8c       0x3c
 i.CyBleStackMgr_GenericIface
                0x00002a8c       0x3c C:\Program Files (x86)\Cypress\PSoC Creator\3.1\PSoC Creator\psoc\content\cycomponentlibrary\CyComponentLibrary.cylib\BLE_v1_20\Library\gccCyBLEStack_BLE_SOC_PERIPHERAL.a(CyBleStackMgr_BleSSDriver.o)
                0x00002a8c                CyBleStackMgr_GenericIface

i.CyBleStackMgr_HandleBleSSIntr
                0x00002ac8       0x90
 i.CyBleStackMgr_HandleBleSSIntr
                0x00002ac8       0x90 C:\Program Files (x86)\Cypress\PSoC Creator\3.1\PSoC Creator\psoc\content\cycomponentlibrary\CyComponentLibrary.cylib\BLE_v1_20\Library\gccCyBLEStack_BLE_SOC_PERIPHERAL.a(CyBleStackMgr_BleSSDriver.o)
                0x00002ac8                CyBleStackMgr_HandleBleSSIntr

i.CyBleStackMgr_SetClockParam
                0x00002b58       0xb4
 i.CyBleStackMgr_SetClockParam
                0x00002b58       0xb4 C:\Program Files (x86)\Cypress\PSoC Creator\3.1\PSoC Creator\psoc\content\cycomponentlibrary\CyComponentLibrary.cylib\BLE_v1_20\Library\gccCyBLEStack_BLE_SOC_PERIPHERAL.a(CyBleStackMgr_BleSSDriver.o)

i.CyBleStackMgr_isXtalCpuClkSource
                0x00002c0c       0x18
 i.CyBleStackMgr_isXtalCpuClkSource
                0x00002c0c       0x18 C:\Program Files (x86)\Cypress\PSoC Creator\3.1\PSoC Creator\psoc\content\cycomponentlibrary\CyComponentLibrary.cylib\BLE_v1_20\Library\gccCyBLEStack_BLE_SOC_PERIPHERAL.a(CyBleStackMgr_BleSSDriver.o)
                0x00002c0c                CyBleStackMgr_isXtalCpuClkSource

i.CyBle_EnterDsmMode
                0x00002c24       0x3c
 i.CyBle_EnterDsmMode
                0x00002c24       0x3c C:\Program Files (x86)\Cypress\PSoC Creator\3.1\PSoC Creator\psoc\content\cycomponentlibrary\CyComponentLibrary.cylib\BLE_v1_20\Library\gccCyBLEStack_BLE_SOC_PERIPHERAL.a(CyBleStackMgr_BleSSDriver.o)
                0x00002c24                CyBle_EnterDsmMode

i.CyBle_ExitDsmMode
                0x00002c60       0x2c
 i.CyBle_ExitDsmMode
                0x00002c60       0x2c C:\Program Files (x86)\Cypress\PSoC Creator\3.1\PSoC Creator\psoc\content\cycomponentlibrary\CyComponentLibrary.cylib\BLE_v1_20\Library\gccCyBLEStack_BLE_SOC_PERIPHERAL.a(CyBleStackMgr_BleSSDriver.o)
                0x00002c60                CyBle_ExitDsmMode

i.CyBle_GetBleSsOperationalMode
                0x00002c8c        0xc
 i.CyBle_GetBleSsOperationalMode
                0x00002c8c        0xc C:\Program Files (x86)\Cypress\PSoC Creator\3.1\PSoC Creator\psoc\content\cycomponentlibrary\CyComponentLibrary.cylib\BLE_v1_20\Library\gccCyBLEStack_BLE_SOC_PERIPHERAL.a(CyBleStackMgr_BleSSDriver.o)
                0x00002c8c                CyBle_GetBleSsOperationalMode

i.CyBle_GetEventCloseState
                0x00002c98       0x10
 i.CyBle_GetEventCloseState
                0x00002c98       0x10 C:\Program Files (x86)\Cypress\PSoC Creator\3.1\PSoC Creator\psoc\content\cycomponentlibrary\CyComponentLibrary.cylib\BLE_v1_20\Library\gccCyBLEStack_BLE_SOC_PERIPHERAL.a(CyBleStackMgr_BleSSDriver.o)
                0x00002c98                CyBle_GetEventCloseState

i.CyBle_GetLpMode
                0x00002ca8       0x26
 i.CyBle_GetLpMode
                0x00002ca8       0x26 C:\Program Files (x86)\Cypress\PSoC Creator\3.1\PSoC Creator\psoc\content\cycomponentlibrary\CyComponentLibrary.cylib\BLE_v1_20\Library\gccCyBLEStack_BLE_SOC_PERIPHERAL.a(CyBleStackMgr_BleSSDriver.o)
                0x00002ca8                CyBle_GetLpMode

i.CyBle_GetTxGainMode
                0x00002cd0       0x2c
 i.CyBle_GetTxGainMode
                0x00002cd0       0x2c C:\Program Files (x86)\Cypress\PSoC Creator\3.1\PSoC Creator\psoc\content\cycomponentlibrary\CyComponentLibrary.cylib\BLE_v1_20\Library\gccCyBLEStack_BLE_SOC_PERIPHERAL.a(CyBleStackMgr_BleSSDriver.o)
                0x00002cd0                CyBle_GetTxGainMode

i.CyBle_SetAutoWakeUp
                0x00002cfc        0xc
 i.CyBle_SetAutoWakeUp
                0x00002cfc        0xc C:\Program Files (x86)\Cypress\PSoC Creator\3.1\PSoC Creator\psoc\content\cycomponentlibrary\CyComponentLibrary.cylib\BLE_v1_20\Library\gccCyBLEStack_BLE_SOC_PERIPHERAL.a(CyBleStackMgr_BleSSDriver.o)
                0x00002cfc                CyBle_SetAutoWakeUp

i.CyBle_SetBleSsOperationalMode
                0x00002d08       0x20
 i.CyBle_SetBleSsOperationalMode
                0x00002d08       0x20 C:\Program Files (x86)\Cypress\PSoC Creator\3.1\PSoC Creator\psoc\content\cycomponentlibrary\CyComponentLibrary.cylib\BLE_v1_20\Library\gccCyBLEStack_BLE_SOC_PERIPHERAL.a(CyBleStackMgr_BleSSDriver.o)
                0x00002d08                CyBle_SetBleSsOperationalMode

i.CyBle_SetEventCloseState
                0x00002d28        0xc
 i.CyBle_SetEventCloseState
                0x00002d28        0xc C:\Program Files (x86)\Cypress\PSoC Creator\3.1\PSoC Creator\psoc\content\cycomponentlibrary\CyComponentLibrary.cylib\BLE_v1_20\Library\gccCyBLEStack_BLE_SOC_PERIPHERAL.a(CyBleStackMgr_BleSSDriver.o)
                0x00002d28                CyBle_SetEventCloseState

i.CyBle_SetRxGainMode
                0x00002d34       0x20
 i.CyBle_SetRxGainMode
                0x00002d34       0x20 C:\Program Files (x86)\Cypress\PSoC Creator\3.1\PSoC Creator\psoc\content\cycomponentlibrary\CyComponentLibrary.cylib\BLE_v1_20\Library\gccCyBLEStack_BLE_SOC_PERIPHERAL.a(CyBleStackMgr_BleSSDriver.o)
                0x00002d34                CyBle_SetRxGainMode

i.CyBle_SetTxGainMode
                0x00002d54       0x38
 i.CyBle_SetTxGainMode
                0x00002d54       0x38 C:\Program Files (x86)\Cypress\PSoC Creator\3.1\PSoC Creator\psoc\content\cycomponentlibrary\CyComponentLibrary.cylib\BLE_v1_20\Library\gccCyBLEStack_BLE_SOC_PERIPHERAL.a(CyBleStackMgr_BleSSDriver.o)
                0x00002d54                CyBle_SetTxGainMode

i.pf_rf_get_abs_rssi
                0x00002d8c       0x24
 i.pf_rf_get_abs_rssi
                0x00002d8c       0x24 C:\Program Files (x86)\Cypress\PSoC Creator\3.1\PSoC Creator\psoc\content\cycomponentlibrary\CyComponentLibrary.cylib\BLE_v1_20\Library\gccCyBLEStack_BLE_SOC_PERIPHERAL.a(CyBleStackMgr_BleSSDriver.o)
                0x00002d8c                pf_rf_get_abs_rssi

i.OS_init       0x00002db0       0x64
 i.OS_init      0x00002db0       0x64 C:\Program Files (x86)\Cypress\PSoC Creator\3.1\PSoC Creator\psoc\content\cycomponentlibrary\CyComponentLibrary.cylib\BLE_v1_20\Library\gccCyBLEStack_BLE_SOC_PERIPHERAL.a(mint_os.o)
                0x00002db0                OS_init

i.OS_shutdown   0x00002e14        0x4
 i.OS_shutdown  0x00002e14        0x4 C:\Program Files (x86)\Cypress\PSoC Creator\3.1\PSoC Creator\psoc\content\cycomponentlibrary\CyComponentLibrary.cylib\BLE_v1_20\Library\gccCyBLEStack_BLE_SOC_PERIPHERAL.a(mint_os.o)
                0x00002e14                OS_shutdown

i.mintos_malloc
                0x00002e18       0x34
 i.mintos_malloc
                0x00002e18       0x34 C:\Program Files (x86)\Cypress\PSoC Creator\3.1\PSoC Creator\psoc\content\cycomponentlibrary\CyComponentLibrary.cylib\BLE_v1_20\Library\gccCyBLEStack_BLE_SOC_PERIPHERAL.a(mint_os.o)
                0x00002e18                mintos_malloc

i.OS_create_queue
                0x00002e4c       0x64
 i.OS_create_queue
                0x00002e4c       0x64 C:\Program Files (x86)\Cypress\PSoC Creator\3.1\PSoC Creator\psoc\content\cycomponentlibrary\CyComponentLibrary.cylib\BLE_v1_20\Library\gccCyBLEStack_BLE_SOC_PERIPHERAL.a(mint_os_queue.o)
                0x00002e4c                OS_create_queue

i.OS_enqueue_item
                0x00002eb0       0x8c
 i.OS_enqueue_item
                0x00002eb0       0x8c C:\Program Files (x86)\Cypress\PSoC Creator\3.1\PSoC Creator\psoc\content\cycomponentlibrary\CyComponentLibrary.cylib\BLE_v1_20\Library\gccCyBLEStack_BLE_SOC_PERIPHERAL.a(mint_os_queue.o)
                0x00002eb0                OS_enqueue_item

i.OS_queue_get_num_of_items
                0x00002f3c       0x28
 i.OS_queue_get_num_of_items
                0x00002f3c       0x28 C:\Program Files (x86)\Cypress\PSoC Creator\3.1\PSoC Creator\psoc\content\cycomponentlibrary\CyComponentLibrary.cylib\BLE_v1_20\Library\gccCyBLEStack_BLE_SOC_PERIPHERAL.a(mint_os_queue.o)
                0x00002f3c                OS_queue_get_num_of_items

i.OS_queue_mgmt_init
                0x00002f64       0x40
 i.OS_queue_mgmt_init
                0x00002f64       0x40 C:\Program Files (x86)\Cypress\PSoC Creator\3.1\PSoC Creator\psoc\content\cycomponentlibrary\CyComponentLibrary.cylib\BLE_v1_20\Library\gccCyBLEStack_BLE_SOC_PERIPHERAL.a(mint_os_queue.o)
                0x00002f64                OS_queue_mgmt_init

i.OS_remove_item
                0x00002fa4       0xa0
 i.OS_remove_item
                0x00002fa4       0xa0 C:\Program Files (x86)\Cypress\PSoC Creator\3.1\PSoC Creator\psoc\content\cycomponentlibrary\CyComponentLibrary.cylib\BLE_v1_20\Library\gccCyBLEStack_BLE_SOC_PERIPHERAL.a(mint_os_queue.o)
                0x00002fa4                OS_remove_item

i.OS_create_task
                0x00003044       0x88
 i.OS_create_task
                0x00003044       0x88 C:\Program Files (x86)\Cypress\PSoC Creator\3.1\PSoC Creator\psoc\content\cycomponentlibrary\CyComponentLibrary.cylib\BLE_v1_20\Library\gccCyBLEStack_BLE_SOC_PERIPHERAL.a(mint_os_task.o)
                0x00003044                OS_create_task

i.OS_isr_send_signal_to_task
                0x000030cc        0xc
 i.OS_isr_send_signal_to_task
                0x000030cc        0xc C:\Program Files (x86)\Cypress\PSoC Creator\3.1\PSoC Creator\psoc\content\cycomponentlibrary\CyComponentLibrary.cylib\BLE_v1_20\Library\gccCyBLEStack_BLE_SOC_PERIPHERAL.a(mint_os_task.o)
                0x000030cc                OS_isr_send_signal_to_task

i.OS_scheduler  0x000030d8       0x64
 i.OS_scheduler
                0x000030d8       0x64 C:\Program Files (x86)\Cypress\PSoC Creator\3.1\PSoC Creator\psoc\content\cycomponentlibrary\CyComponentLibrary.cylib\BLE_v1_20\Library\gccCyBLEStack_BLE_SOC_PERIPHERAL.a(mint_os_task.o)
                0x000030d8                OS_scheduler

i.OS_send_signal_to_task
                0x0000313c        0xc
 i.OS_send_signal_to_task
                0x0000313c        0xc C:\Program Files (x86)\Cypress\PSoC Creator\3.1\PSoC Creator\psoc\content\cycomponentlibrary\CyComponentLibrary.cylib\BLE_v1_20\Library\gccCyBLEStack_BLE_SOC_PERIPHERAL.a(mint_os_task.o)
                0x0000313c                OS_send_signal_to_task

i.OS_send_signal_to_task_context
                0x00003148       0x3c
 i.OS_send_signal_to_task_context
                0x00003148       0x3c C:\Program Files (x86)\Cypress\PSoC Creator\3.1\PSoC Creator\psoc\content\cycomponentlibrary\CyComponentLibrary.cylib\BLE_v1_20\Library\gccCyBLEStack_BLE_SOC_PERIPHERAL.a(mint_os_task.o)

i.OS_task_mgmt_init
                0x00003184       0x50
 i.OS_task_mgmt_init
                0x00003184       0x50 C:\Program Files (x86)\Cypress\PSoC Creator\3.1\PSoC Creator\psoc\content\cycomponentlibrary\CyComponentLibrary.cylib\BLE_v1_20\Library\gccCyBLEStack_BLE_SOC_PERIPHERAL.a(mint_os_task.o)
                0x00003184                OS_task_mgmt_init

i.mint_buf_mgmt_allocate_buffer
                0x000031d4       0x4c
 i.mint_buf_mgmt_allocate_buffer
                0x000031d4       0x4c C:\Program Files (x86)\Cypress\PSoC Creator\3.1\PSoC Creator\psoc\content\cycomponentlibrary\CyComponentLibrary.cylib\BLE_v1_20\Library\gccCyBLEStack_BLE_SOC_PERIPHERAL.a(mint_buf_mgmt.o)
                0x000031d4                mint_buf_mgmt_allocate_buffer

i.mint_buf_mgmt_create_pool
                0x00003220       0xd8
 i.mint_buf_mgmt_create_pool
                0x00003220       0xd8 C:\Program Files (x86)\Cypress\PSoC Creator\3.1\PSoC Creator\psoc\content\cycomponentlibrary\CyComponentLibrary.cylib\BLE_v1_20\Library\gccCyBLEStack_BLE_SOC_PERIPHERAL.a(mint_buf_mgmt.o)
                0x00003220                mint_buf_mgmt_create_pool

i.mint_buf_mgmt_free_buffer
                0x000032f8       0xa4
 i.mint_buf_mgmt_free_buffer
                0x000032f8       0xa4 C:\Program Files (x86)\Cypress\PSoC Creator\3.1\PSoC Creator\psoc\content\cycomponentlibrary\CyComponentLibrary.cylib\BLE_v1_20\Library\gccCyBLEStack_BLE_SOC_PERIPHERAL.a(mint_buf_mgmt.o)
                0x000032f8                mint_buf_mgmt_free_buffer

i.mint_buf_mgmt_get_free_heap
                0x0000339c       0x1c
 i.mint_buf_mgmt_get_free_heap
                0x0000339c       0x1c C:\Program Files (x86)\Cypress\PSoC Creator\3.1\PSoC Creator\psoc\content\cycomponentlibrary\CyComponentLibrary.cylib\BLE_v1_20\Library\gccCyBLEStack_BLE_SOC_PERIPHERAL.a(mint_buf_mgmt.o)
                0x0000339c                mint_buf_mgmt_get_free_heap

i.mint_buf_mgmt_init
                0x000033b8       0x44
 i.mint_buf_mgmt_init
                0x000033b8       0x44 C:\Program Files (x86)\Cypress\PSoC Creator\3.1\PSoC Creator\psoc\content\cycomponentlibrary\CyComponentLibrary.cylib\BLE_v1_20\Library\gccCyBLEStack_BLE_SOC_PERIPHERAL.a(mint_buf_mgmt.o)
                0x000033b8                mint_buf_mgmt_init

i.mint_buf_mgmt_malloc
                0x000033fc       0x2c
 i.mint_buf_mgmt_malloc
                0x000033fc       0x2c C:\Program Files (x86)\Cypress\PSoC Creator\3.1\PSoC Creator\psoc\content\cycomponentlibrary\CyComponentLibrary.cylib\BLE_v1_20\Library\gccCyBLEStack_BLE_SOC_PERIPHERAL.a(mint_buf_mgmt.o)
                0x000033fc                mint_buf_mgmt_malloc

i.mint_buf_mgmt_reset_pool
                0x00003428       0x70
 i.mint_buf_mgmt_reset_pool
                0x00003428       0x70 C:\Program Files (x86)\Cypress\PSoC Creator\3.1\PSoC Creator\psoc\content\cycomponentlibrary\CyComponentLibrary.cylib\BLE_v1_20\Library\gccCyBLEStack_BLE_SOC_PERIPHERAL.a(mint_buf_mgmt.o)
                0x00003428                mint_buf_mgmt_reset_pool

i.mint_buf_mgmt_stack_init
                0x00003498       0x24
 i.mint_buf_mgmt_stack_init
                0x00003498       0x24 C:\Program Files (x86)\Cypress\PSoC Creator\3.1\PSoC Creator\psoc\content\cycomponentlibrary\CyComponentLibrary.cylib\BLE_v1_20\Library\gccCyBLEStack_BLE_SOC_PERIPHERAL.a(mint_buf_mgmt.o)
                0x00003498                mint_buf_mgmt_stack_init

i.mint_buf_mgmt_stack_pop
                0x000034bc       0x36
 i.mint_buf_mgmt_stack_pop
                0x000034bc       0x36 C:\Program Files (x86)\Cypress\PSoC Creator\3.1\PSoC Creator\psoc\content\cycomponentlibrary\CyComponentLibrary.cylib\BLE_v1_20\Library\gccCyBLEStack_BLE_SOC_PERIPHERAL.a(mint_buf_mgmt.o)
                0x000034bc                mint_buf_mgmt_stack_pop

i.mint_buf_mgmt_stack_push
                0x000034f2       0x36
 i.mint_buf_mgmt_stack_push
                0x000034f2       0x36 C:\Program Files (x86)\Cypress\PSoC Creator\3.1\PSoC Creator\psoc\content\cycomponentlibrary\CyComponentLibrary.cylib\BLE_v1_20\Library\gccCyBLEStack_BLE_SOC_PERIPHERAL.a(mint_buf_mgmt.o)
                0x000034f2                mint_buf_mgmt_stack_push

i.mint_buf_mgmt_stack_reset
                0x00003528       0x1e
 i.mint_buf_mgmt_stack_reset
                0x00003528       0x1e C:\Program Files (x86)\Cypress\PSoC Creator\3.1\PSoC Creator\psoc\content\cycomponentlibrary\CyComponentLibrary.cylib\BLE_v1_20\Library\gccCyBLEStack_BLE_SOC_PERIPHERAL.a(mint_buf_mgmt.o)
                0x00003528                mint_buf_mgmt_stack_reset

i.mint_buf_mgmt_stack_search_item
                0x00003546       0x30
 i.mint_buf_mgmt_stack_search_item
                0x00003546       0x30 C:\Program Files (x86)\Cypress\PSoC Creator\3.1\PSoC Creator\psoc\content\cycomponentlibrary\CyComponentLibrary.cylib\BLE_v1_20\Library\gccCyBLEStack_BLE_SOC_PERIPHERAL.a(mint_buf_mgmt.o)
                0x00003546                mint_buf_mgmt_stack_search_item

i.mint_buf_mgmt_pl_init
                0x00003578       0x2c
 i.mint_buf_mgmt_pl_init
                0x00003578       0x2c C:\Program Files (x86)\Cypress\PSoC Creator\3.1\PSoC Creator\psoc\content\cycomponentlibrary\CyComponentLibrary.cylib\BLE_v1_20\Library\gccCyBLEStack_BLE_SOC_PERIPHERAL.a(mint_buf_mgmt_pl.o)
                0x00003578                mint_buf_mgmt_pl_init

i.CyBleControllerIP_GetPingState
                0x000035a4        0xc
 i.CyBleControllerIP_GetPingState
                0x000035a4        0xc C:\Program Files (x86)\Cypress\PSoC Creator\3.1\PSoC Creator\psoc\content\cycomponentlibrary\CyComponentLibrary.cylib\BLE_v1_20\Library\gccCyBLEStack_BLE_SOC_PERIPHERAL.a(CyBleControllerIP_Interface.o)
                0x000035a4                CyBleControllerIP_GetPingState

i.CyBleController_AddDeviceToWhiteList
                0x000035b0       0x40
 i.CyBleController_AddDeviceToWhiteList
                0x000035b0       0x40 C:\Program Files (x86)\Cypress\PSoC Creator\3.1\PSoC Creator\psoc\content\cycomponentlibrary\CyComponentLibrary.cylib\BLE_v1_20\Library\gccCyBLEStack_BLE_SOC_PERIPHERAL.a(CyBleControllerIP_Interface.o)
                0x000035b0                CyBleController_AddDeviceToWhiteList

i.CyBleController_EnterLowPowerMode
                0x000035f0       0x2c
 i.CyBleController_EnterLowPowerMode
                0x000035f0       0x2c C:\Program Files (x86)\Cypress\PSoC Creator\3.1\PSoC Creator\psoc\content\cycomponentlibrary\CyComponentLibrary.cylib\BLE_v1_20\Library\gccCyBLEStack_BLE_SOC_PERIPHERAL.a(CyBleControllerIP_Interface.o)
                0x000035f0                CyBleController_EnterLowPowerMode

i.CyBleController_ExitLowPowerMode
                0x0000361c       0x10
 i.CyBleController_ExitLowPowerMode
                0x0000361c       0x10 C:\Program Files (x86)\Cypress\PSoC Creator\3.1\PSoC Creator\psoc\content\cycomponentlibrary\CyComponentLibrary.cylib\BLE_v1_20\Library\gccCyBLEStack_BLE_SOC_PERIPHERAL.a(CyBleControllerIP_Interface.o)
                0x0000361c                CyBleController_ExitLowPowerMode

i.CyBleController_Init
                0x0000362c       0x3c
 i.CyBleController_Init
                0x0000362c       0x3c C:\Program Files (x86)\Cypress\PSoC Creator\3.1\PSoC Creator\psoc\content\cycomponentlibrary\CyComponentLibrary.cylib\BLE_v1_20\Library\gccCyBLEStack_BLE_SOC_PERIPHERAL.a(CyBleControllerIP_Interface.o)
                0x0000362c                CyBleController_Init

i.CyBleController_Reset
                0x00003668       0x10
 i.CyBleController_Reset
                0x00003668       0x10 C:\Program Files (x86)\Cypress\PSoC Creator\3.1\PSoC Creator\psoc\content\cycomponentlibrary\CyComponentLibrary.cylib\BLE_v1_20\Library\gccCyBLEStack_BLE_SOC_PERIPHERAL.a(CyBleControllerIP_Interface.o)
                0x00003668                CyBleController_Reset

i.CyBleController_SetDeviceAddress
                0x00003678       0x2e
 i.CyBleController_SetDeviceAddress
                0x00003678       0x2e C:\Program Files (x86)\Cypress\PSoC Creator\3.1\PSoC Creator\psoc\content\cycomponentlibrary\CyComponentLibrary.cylib\BLE_v1_20\Library\gccCyBLEStack_BLE_SOC_PERIPHERAL.a(CyBleControllerIP_Interface.o)
                0x00003678                CyBleController_SetDeviceAddress

i.CyBleController_Shutdown
                0x000036a6        0x2
 i.CyBleController_Shutdown
                0x000036a6        0x2 C:\Program Files (x86)\Cypress\PSoC Creator\3.1\PSoC Creator\psoc\content\cycomponentlibrary\CyComponentLibrary.cylib\BLE_v1_20\Library\gccCyBLEStack_BLE_SOC_PERIPHERAL.a(CyBleControllerIP_Interface.o)
                0x000036a6                CyBleController_Shutdown

i.CyBle_GetBleSsState
                0x000036a8       0x10
 i.CyBle_GetBleSsState
                0x000036a8       0x10 C:\Program Files (x86)\Cypress\PSoC Creator\3.1\PSoC Creator\psoc\content\cycomponentlibrary\CyComponentLibrary.cylib\BLE_v1_20\Library\gccCyBLEStack_BLE_SOC_PERIPHERAL.a(CyBleControllerIP_Interface.o)
                0x000036a8                CyBle_GetBleSsState

i.CyBle_GetTxPowerLevel
                0x000036b8       0x4e
 i.CyBle_GetTxPowerLevel
                0x000036b8       0x4e C:\Program Files (x86)\Cypress\PSoC Creator\3.1\PSoC Creator\psoc\content\cycomponentlibrary\CyComponentLibrary.cylib\BLE_v1_20\Library\gccCyBLEStack_BLE_SOC_PERIPHERAL.a(CyBleControllerIP_Interface.o)
                0x000036b8                CyBle_GetTxPowerLevel

i.CyBle_SetTxPowerLevel
                0x00003706       0x56
 i.CyBle_SetTxPowerLevel
                0x00003706       0x56 C:\Program Files (x86)\Cypress\PSoC Creator\3.1\PSoC Creator\psoc\content\cycomponentlibrary\CyComponentLibrary.cylib\BLE_v1_20\Library\gccCyBLEStack_BLE_SOC_PERIPHERAL.a(CyBleControllerIP_Interface.o)
                0x00003706                CyBle_SetTxPowerLevel

i.ll_check_and_mark_packet_ready_for_transmission
                0x0000375c       0x28
 i.ll_check_and_mark_packet_ready_for_transmission
                0x0000375c       0x28 C:\Program Files (x86)\Cypress\PSoC Creator\3.1\PSoC Creator\psoc\content\cycomponentlibrary\CyComponentLibrary.cylib\BLE_v1_20\Library\gccCyBLEStack_BLE_SOC_PERIPHERAL.a(ll.o)
                0x0000375c                ll_check_and_mark_packet_ready_for_transmission

i.ll_cleanup_pending_data_pdu
                0x00003784       0x38
 i.ll_cleanup_pending_data_pdu
                0x00003784       0x38 C:\Program Files (x86)\Cypress\PSoC Creator\3.1\PSoC Creator\psoc\content\cycomponentlibrary\CyComponentLibrary.cylib\BLE_v1_20\Library\gccCyBLEStack_BLE_SOC_PERIPHERAL.a(ll.o)
                0x00003784                ll_cleanup_pending_data_pdu

i.ll_enter_dsm_mode
                0x000037bc      0x1a4
 i.ll_enter_dsm_mode
                0x000037bc      0x1a4 C:\Program Files (x86)\Cypress\PSoC Creator\3.1\PSoC Creator\psoc\content\cycomponentlibrary\CyComponentLibrary.cylib\BLE_v1_20\Library\gccCyBLEStack_BLE_SOC_PERIPHERAL.a(ll.o)
                0x000037bc                ll_enter_dsm_mode

i.ll_enter_hibernate_mode
                0x00003960       0x28
 i.ll_enter_hibernate_mode
                0x00003960       0x28 C:\Program Files (x86)\Cypress\PSoC Creator\3.1\PSoC Creator\psoc\content\cycomponentlibrary\CyComponentLibrary.cylib\BLE_v1_20\Library\gccCyBLEStack_BLE_SOC_PERIPHERAL.a(ll.o)
                0x00003960                ll_enter_hibernate_mode

i.ll_enter_sm_mode
                0x00003988       0x60
 i.ll_enter_sm_mode
                0x00003988       0x60 C:\Program Files (x86)\Cypress\PSoC Creator\3.1\PSoC Creator\psoc\content\cycomponentlibrary\CyComponentLibrary.cylib\BLE_v1_20\Library\gccCyBLEStack_BLE_SOC_PERIPHERAL.a(ll.o)
                0x00003988                ll_enter_sm_mode

i.ll_exit_low_power_mode
                0x000039e8       0xac
 i.ll_exit_low_power_mode
                0x000039e8       0xac C:\Program Files (x86)\Cypress\PSoC Creator\3.1\PSoC Creator\psoc\content\cycomponentlibrary\CyComponentLibrary.cylib\BLE_v1_20\Library\gccCyBLEStack_BLE_SOC_PERIPHERAL.a(ll.o)
                0x000039e8                ll_exit_low_power_mode

i.ll_get_ack_status
                0x00003a94       0x3c
 i.ll_get_ack_status
                0x00003a94       0x3c C:\Program Files (x86)\Cypress\PSoC Creator\3.1\PSoC Creator\psoc\content\cycomponentlibrary\CyComponentLibrary.cylib\BLE_v1_20\Library\gccCyBLEStack_BLE_SOC_PERIPHERAL.a(ll.o)
                0x00003a94                ll_get_ack_status

i.ll_get_ack_status_for_all_connections
                0x00003ad0       0x34
 i.ll_get_ack_status_for_all_connections
                0x00003ad0       0x34 C:\Program Files (x86)\Cypress\PSoC Creator\3.1\PSoC Creator\psoc\content\cycomponentlibrary\CyComponentLibrary.cylib\BLE_v1_20\Library\gccCyBLEStack_BLE_SOC_PERIPHERAL.a(ll.o)
                0x00003ad0                ll_get_ack_status_for_all_connections

i.ll_get_adv_ch_tx_power
                0x00003b04       0x20
 i.ll_get_adv_ch_tx_power
                0x00003b04       0x20 C:\Program Files (x86)\Cypress\PSoC Creator\3.1\PSoC Creator\psoc\content\cycomponentlibrary\CyComponentLibrary.cylib\BLE_v1_20\Library\gccCyBLEStack_BLE_SOC_PERIPHERAL.a(ll.o)
                0x00003b04                ll_get_adv_ch_tx_power

i.ll_get_data_channel_map
                0x00003b24       0x24
 i.ll_get_data_channel_map
                0x00003b24       0x24 C:\Program Files (x86)\Cypress\PSoC Creator\3.1\PSoC Creator\psoc\content\cycomponentlibrary\CyComponentLibrary.cylib\BLE_v1_20\Library\gccCyBLEStack_BLE_SOC_PERIPHERAL.a(ll.o)
                0x00003b24                ll_get_data_channel_map

i.ll_get_max_white_list_size
                0x00003b48        0xc
 i.ll_get_max_white_list_size
                0x00003b48        0xc C:\Program Files (x86)\Cypress\PSoC Creator\3.1\PSoC Creator\psoc\content\cycomponentlibrary\CyComponentLibrary.cylib\BLE_v1_20\Library\gccCyBLEStack_BLE_SOC_PERIPHERAL.a(ll.o)
                0x00003b48                ll_get_max_white_list_size

i.ll_get_my_role
                0x00003b54        0xc
 i.ll_get_my_role
                0x00003b54        0xc C:\Program Files (x86)\Cypress\PSoC Creator\3.1\PSoC Creator\psoc\content\cycomponentlibrary\CyComponentLibrary.cylib\BLE_v1_20\Library\gccCyBLEStack_BLE_SOC_PERIPHERAL.a(ll.o)
                0x00003b54                ll_get_my_role

i.ll_get_next_available_fifo_for_data_pdu
                0x00003b60        0x8
 i.ll_get_next_available_fifo_for_data_pdu
                0x00003b60        0x8 C:\Program Files (x86)\Cypress\PSoC Creator\3.1\PSoC Creator\psoc\content\cycomponentlibrary\CyComponentLibrary.cylib\BLE_v1_20\Library\gccCyBLEStack_BLE_SOC_PERIPHERAL.a(ll.o)
                0x00003b60                ll_get_next_available_fifo_for_data_pdu

i.ll_get_next_available_fifo_for_ll_pdu
                0x00003b68       0x24
 i.ll_get_next_available_fifo_for_ll_pdu
                0x00003b68       0x24 C:\Program Files (x86)\Cypress\PSoC Creator\3.1\PSoC Creator\psoc\content\cycomponentlibrary\CyComponentLibrary.cylib\BLE_v1_20\Library\gccCyBLEStack_BLE_SOC_PERIPHERAL.a(ll.o)
                0x00003b68                ll_get_next_available_fifo_for_ll_pdu

i.ll_get_rssi_value
                0x00003b8c       0x26
 i.ll_get_rssi_value
                0x00003b8c       0x26 C:\Program Files (x86)\Cypress\PSoC Creator\3.1\PSoC Creator\psoc\content\cycomponentlibrary\CyComponentLibrary.cylib\BLE_v1_20\Library\gccCyBLEStack_BLE_SOC_PERIPHERAL.a(ll.o)
                0x00003b8c                ll_get_rssi_value

i.ll_get_transmit_power_level
                0x00003bb4       0x2c
 i.ll_get_transmit_power_level
                0x00003bb4       0x2c C:\Program Files (x86)\Cypress\PSoC Creator\3.1\PSoC Creator\psoc\content\cycomponentlibrary\CyComponentLibrary.cylib\BLE_v1_20\Library\gccCyBLEStack_BLE_SOC_PERIPHERAL.a(ll.o)
                0x00003bb4                ll_get_transmit_power_level

i.ll_handle_ack_received
                0x00003be0       0x74
 i.ll_handle_ack_received
                0x00003be0       0x74 C:\Program Files (x86)\Cypress\PSoC Creator\3.1\PSoC Creator\psoc\content\cycomponentlibrary\CyComponentLibrary.cylib\BLE_v1_20\Library\gccCyBLEStack_BLE_SOC_PERIPHERAL.a(ll.o)
                0x00003be0                ll_handle_ack_received

i.ll_handle_add_device_in_whitelist
                0x00003c54       0x3a
 i.ll_handle_add_device_in_whitelist
                0x00003c54       0x3a C:\Program Files (x86)\Cypress\PSoC Creator\3.1\PSoC Creator\psoc\content\cycomponentlibrary\CyComponentLibrary.cylib\BLE_v1_20\Library\gccCyBLEStack_BLE_SOC_PERIPHERAL.a(ll.o)
                0x00003c54                ll_handle_add_device_in_whitelist

i.ll_handle_clear_whitelist
                0x00003c8e       0x16
 i.ll_handle_clear_whitelist
                0x00003c8e       0x16 C:\Program Files (x86)\Cypress\PSoC Creator\3.1\PSoC Creator\psoc\content\cycomponentlibrary\CyComponentLibrary.cylib\BLE_v1_20\Library\gccCyBLEStack_BLE_SOC_PERIPHERAL.a(ll.o)
                0x00003c8e                ll_handle_clear_whitelist

i.ll_handle_encrypt_host_data
                0x00003ca4       0x36
 i.ll_handle_encrypt_host_data
                0x00003ca4       0x36 C:\Program Files (x86)\Cypress\PSoC Creator\3.1\PSoC Creator\psoc\content\cycomponentlibrary\CyComponentLibrary.cylib\BLE_v1_20\Library\gccCyBLEStack_BLE_SOC_PERIPHERAL.a(ll.o)
                0x00003ca4                ll_handle_encrypt_host_data

i.ll_handle_host_data_packet
                0x00003cda       0x54
 i.ll_handle_host_data_packet
                0x00003cda       0x54 C:\Program Files (x86)\Cypress\PSoC Creator\3.1\PSoC Creator\psoc\content\cycomponentlibrary\CyComponentLibrary.cylib\BLE_v1_20\Library\gccCyBLEStack_BLE_SOC_PERIPHERAL.a(ll.o)
                0x00003cda                ll_handle_host_data_packet

i.ll_handle_read_host_channel_map
                0x00003d2e        0x4
 i.ll_handle_read_host_channel_map
                0x00003d2e        0x4 C:\Program Files (x86)\Cypress\PSoC Creator\3.1\PSoC Creator\psoc\content\cycomponentlibrary\CyComponentLibrary.cylib\BLE_v1_20\Library\gccCyBLEStack_BLE_SOC_PERIPHERAL.a(ll.o)
                0x00003d2e                ll_handle_read_host_channel_map

i.ll_handle_remove_device_in_whitelist
                0x00003d32       0x2a
 i.ll_handle_remove_device_in_whitelist
                0x00003d32       0x2a C:\Program Files (x86)\Cypress\PSoC Creator\3.1\PSoC Creator\psoc\content\cycomponentlibrary\CyComponentLibrary.cylib\BLE_v1_20\Library\gccCyBLEStack_BLE_SOC_PERIPHERAL.a(ll.o)
                0x00003d32                ll_handle_remove_device_in_whitelist

i.ll_handle_reset
                0x00003d5c        0xe
 i.ll_handle_reset
                0x00003d5c        0xe C:\Program Files (x86)\Cypress\PSoC Creator\3.1\PSoC Creator\psoc\content\cycomponentlibrary\CyComponentLibrary.cylib\BLE_v1_20\Library\gccCyBLEStack_BLE_SOC_PERIPHERAL.a(ll.o)
                0x00003d5c                ll_handle_reset

i.ll_handle_set_random_address
                0x00003d6a       0x36
 i.ll_handle_set_random_address
                0x00003d6a       0x36 C:\Program Files (x86)\Cypress\PSoC Creator\3.1\PSoC Creator\psoc\content\cycomponentlibrary\CyComponentLibrary.cylib\BLE_v1_20\Library\gccCyBLEStack_BLE_SOC_PERIPHERAL.a(ll.o)
                0x00003d6a                ll_handle_set_random_address

i.ll_init       0x00003da0       0x18
 i.ll_init      0x00003da0       0x18 C:\Program Files (x86)\Cypress\PSoC Creator\3.1\PSoC Creator\psoc\content\cycomponentlibrary\CyComponentLibrary.cylib\BLE_v1_20\Library\gccCyBLEStack_BLE_SOC_PERIPHERAL.a(ll.o)
                0x00003da0                ll_init

i.ll_initialize_device_attributes
                0x00003db8       0x4c
 i.ll_initialize_device_attributes
                0x00003db8       0x4c C:\Program Files (x86)\Cypress\PSoC Creator\3.1\PSoC Creator\psoc\content\cycomponentlibrary\CyComponentLibrary.cylib\BLE_v1_20\Library\gccCyBLEStack_BLE_SOC_PERIPHERAL.a(ll.o)
                0x00003db8                ll_initialize_device_attributes

i.ll_is_pkt_pending
                0x00003e04       0x2a
 i.ll_is_pkt_pending
                0x00003e04       0x2a C:\Program Files (x86)\Cypress\PSoC Creator\3.1\PSoC Creator\psoc\content\cycomponentlibrary\CyComponentLibrary.cylib\BLE_v1_20\Library\gccCyBLEStack_BLE_SOC_PERIPHERAL.a(ll.o)
                0x00003e04                ll_is_pkt_pending

i.ll_is_sent_pkt_pending
                0x00003e2e       0x1a
 i.ll_is_sent_pkt_pending
                0x00003e2e       0x1a C:\Program Files (x86)\Cypress\PSoC Creator\3.1\PSoC Creator\psoc\content\cycomponentlibrary\CyComponentLibrary.cylib\BLE_v1_20\Library\gccCyBLEStack_BLE_SOC_PERIPHERAL.a(ll.o)
                0x00003e2e                ll_is_sent_pkt_pending

i.ll_isr_exit_low_power_mode
                0x00003e48       0x16
 i.ll_isr_exit_low_power_mode
                0x00003e48       0x16 C:\Program Files (x86)\Cypress\PSoC Creator\3.1\PSoC Creator\psoc\content\cycomponentlibrary\CyComponentLibrary.cylib\BLE_v1_20\Library\gccCyBLEStack_BLE_SOC_PERIPHERAL.a(ll.o)
                0x00003e48                ll_isr_exit_low_power_mode

i.ll_load_host_data_packet
                0x00003e5e       0x4a
 i.ll_load_host_data_packet
                0x00003e5e       0x4a C:\Program Files (x86)\Cypress\PSoC Creator\3.1\PSoC Creator\psoc\content\cycomponentlibrary\CyComponentLibrary.cylib\BLE_v1_20\Library\gccCyBLEStack_BLE_SOC_PERIPHERAL.a(ll.o)
                0x00003e5e                ll_load_host_data_packet

i.ll_load_packet_to_fifo
                0x00003ea8       0x6e
 i.ll_load_packet_to_fifo
                0x00003ea8       0x6e C:\Program Files (x86)\Cypress\PSoC Creator\3.1\PSoC Creator\psoc\content\cycomponentlibrary\CyComponentLibrary.cylib\BLE_v1_20\Library\gccCyBLEStack_BLE_SOC_PERIPHERAL.a(ll.o)
                0x00003ea8                ll_load_packet_to_fifo

i.ll_process_acks
                0x00003f16       0x3c
 i.ll_process_acks
                0x00003f16       0x3c C:\Program Files (x86)\Cypress\PSoC Creator\3.1\PSoC Creator\psoc\content\cycomponentlibrary\CyComponentLibrary.cylib\BLE_v1_20\Library\gccCyBLEStack_BLE_SOC_PERIPHERAL.a(ll.o)
                0x00003f16                ll_process_acks

i.ll_reset      0x00003f52       0x12
 i.ll_reset     0x00003f52       0x12 C:\Program Files (x86)\Cypress\PSoC Creator\3.1\PSoC Creator\psoc\content\cycomponentlibrary\CyComponentLibrary.cylib\BLE_v1_20\Library\gccCyBLEStack_BLE_SOC_PERIPHERAL.a(ll.o)
                0x00003f52                ll_reset

i.ll_update_active_features
                0x00003f64       0x58
 i.ll_update_active_features
                0x00003f64       0x58 C:\Program Files (x86)\Cypress\PSoC Creator\3.1\PSoC Creator\psoc\content\cycomponentlibrary\CyComponentLibrary.cylib\BLE_v1_20\Library\gccCyBLEStack_BLE_SOC_PERIPHERAL.a(ll.o)
                0x00003f64                ll_update_active_features

i.ll_update_device_fsm
                0x00003fbc        0x8
 i.ll_update_device_fsm
                0x00003fbc        0x8 C:\Program Files (x86)\Cypress\PSoC Creator\3.1\PSoC Creator\psoc\content\cycomponentlibrary\CyComponentLibrary.cylib\BLE_v1_20\Library\gccCyBLEStack_BLE_SOC_PERIPHERAL.a(ll.o)
                0x00003fbc                ll_update_device_fsm

i.pf_le_start_timer
                0x00003fc4       0x16
 i.pf_le_start_timer
                0x00003fc4       0x16 C:\Program Files (x86)\Cypress\PSoC Creator\3.1\PSoC Creator\psoc\content\cycomponentlibrary\CyComponentLibrary.cylib\BLE_v1_20\Library\gccCyBLEStack_BLE_SOC_PERIPHERAL.a(ll.o)
                0x00003fc4                pf_le_start_timer

i.pf_le_stop_timer
                0x00003fda       0x12
 i.pf_le_stop_timer
                0x00003fda       0x12 C:\Program Files (x86)\Cypress\PSoC Creator\3.1\PSoC Creator\psoc\content\cycomponentlibrary\CyComponentLibrary.cylib\BLE_v1_20\Library\gccCyBLEStack_BLE_SOC_PERIPHERAL.a(ll.o)
                0x00003fda                pf_le_stop_timer

i.CyBleControllerIP_TuneAdvEventInterPktSlots
                0x00003fec       0x44
 i.CyBleControllerIP_TuneAdvEventInterPktSlots
                0x00003fec       0x44 C:\Program Files (x86)\Cypress\PSoC Creator\3.1\PSoC Creator\psoc\content\cycomponentlibrary\CyComponentLibrary.cylib\BLE_v1_20\Library\gccCyBLEStack_BLE_SOC_PERIPHERAL.a(ll_advertiser.o)
                0x00003fec                CyBleControllerIP_TuneAdvEventInterPktSlots

i.ll_adv_is_configured_connection_adv
                0x00004030       0x1e
 i.ll_adv_is_configured_connection_adv
                0x00004030       0x1e C:\Program Files (x86)\Cypress\PSoC Creator\3.1\PSoC Creator\psoc\content\cycomponentlibrary\CyComponentLibrary.cylib\BLE_v1_20\Library\gccCyBLEStack_BLE_SOC_PERIPHERAL.a(ll_advertiser.o)
                0x00004030                ll_adv_is_configured_connection_adv

i.ll_check_random_address_in_use_by_advertiser
                0x0000404e       0x10
 i.ll_check_random_address_in_use_by_advertiser
                0x0000404e       0x10 C:\Program Files (x86)\Cypress\PSoC Creator\3.1\PSoC Creator\psoc\content\cycomponentlibrary\CyComponentLibrary.cylib\BLE_v1_20\Library\gccCyBLEStack_BLE_SOC_PERIPHERAL.a(ll_advertiser.o)
                0x0000404e                ll_check_random_address_in_use_by_advertiser

i.ll_check_whitelist_in_use_by_advertiser
                0x0000405e       0x10
 i.ll_check_whitelist_in_use_by_advertiser
                0x0000405e       0x10 C:\Program Files (x86)\Cypress\PSoC Creator\3.1\PSoC Creator\psoc\content\cycomponentlibrary\CyComponentLibrary.cylib\BLE_v1_20\Library\gccCyBLEStack_BLE_SOC_PERIPHERAL.a(ll_advertiser.o)
                0x0000405e                ll_check_whitelist_in_use_by_advertiser

i.ll_get_adv_status
                0x0000406e        0xc
 i.ll_get_adv_status
                0x0000406e        0xc C:\Program Files (x86)\Cypress\PSoC Creator\3.1\PSoC Creator\psoc\content\cycomponentlibrary\CyComponentLibrary.cylib\BLE_v1_20\Library\gccCyBLEStack_BLE_SOC_PERIPHERAL.a(ll_advertiser.o)
                0x0000406e                ll_get_adv_status

i.ll_get_adv_type
                0x0000407a       0x16
 i.ll_get_adv_type
                0x0000407a       0x16 C:\Program Files (x86)\Cypress\PSoC Creator\3.1\PSoC Creator\psoc\content\cycomponentlibrary\CyComponentLibrary.cylib\BLE_v1_20\Library\gccCyBLEStack_BLE_SOC_PERIPHERAL.a(ll_advertiser.o)
                0x0000407a                ll_get_adv_type

i.ll_handle_adv_intr
                0x00004090       0x50
 i.ll_handle_adv_intr
                0x00004090       0x50 C:\Program Files (x86)\Cypress\PSoC Creator\3.1\PSoC Creator\psoc\content\cycomponentlibrary\CyComponentLibrary.cylib\BLE_v1_20\Library\gccCyBLEStack_BLE_SOC_PERIPHERAL.a(ll_advertiser.o)
                0x00004090                ll_handle_adv_intr

i.ll_handle_set_adv_data
                0x000040e0       0x14
 i.ll_handle_set_adv_data
                0x000040e0       0x14 C:\Program Files (x86)\Cypress\PSoC Creator\3.1\PSoC Creator\psoc\content\cycomponentlibrary\CyComponentLibrary.cylib\BLE_v1_20\Library\gccCyBLEStack_BLE_SOC_PERIPHERAL.a(ll_advertiser.o)
                0x000040e0                ll_handle_set_adv_data

i.ll_handle_set_adv_parameters
                0x000040f4       0x84
 i.ll_handle_set_adv_parameters
                0x000040f4       0x84 C:\Program Files (x86)\Cypress\PSoC Creator\3.1\PSoC Creator\psoc\content\cycomponentlibrary\CyComponentLibrary.cylib\BLE_v1_20\Library\gccCyBLEStack_BLE_SOC_PERIPHERAL.a(ll_advertiser.o)
                0x000040f4                ll_handle_set_adv_parameters

i.ll_handle_set_advertise_enable
                0x00004178       0x70
 i.ll_handle_set_advertise_enable
                0x00004178       0x70 C:\Program Files (x86)\Cypress\PSoC Creator\3.1\PSoC Creator\psoc\content\cycomponentlibrary\CyComponentLibrary.cylib\BLE_v1_20\Library\gccCyBLEStack_BLE_SOC_PERIPHERAL.a(ll_advertiser.o)
                0x00004178                ll_handle_set_advertise_enable

i.ll_handle_set_scan_resp_data
                0x000041e8       0x14
 i.ll_handle_set_scan_resp_data
                0x000041e8       0x14 C:\Program Files (x86)\Cypress\PSoC Creator\3.1\PSoC Creator\psoc\content\cycomponentlibrary\CyComponentLibrary.cylib\BLE_v1_20\Library\gccCyBLEStack_BLE_SOC_PERIPHERAL.a(ll_advertiser.o)
                0x000041e8                ll_handle_set_scan_resp_data

i.ll_init_advertiser
                0x000041fc       0x68
 i.ll_init_advertiser
                0x000041fc       0x68 C:\Program Files (x86)\Cypress\PSoC Creator\3.1\PSoC Creator\psoc\content\cycomponentlibrary\CyComponentLibrary.cylib\BLE_v1_20\Library\gccCyBLEStack_BLE_SOC_PERIPHERAL.a(ll_advertiser.o)
                0x000041fc                ll_init_advertiser

i.is_le_connection_handle
                0x00004264       0x28
 i.is_le_connection_handle
                0x00004264       0x28 C:\Program Files (x86)\Cypress\PSoC Creator\3.1\PSoC Creator\psoc\content\cycomponentlibrary\CyComponentLibrary.cylib\BLE_v1_20\Library\gccCyBLEStack_BLE_SOC_PERIPHERAL.a(ll_connection.o)
                0x00004264                is_le_connection_handle

i.le_assign_connection_handle
                0x0000428c       0x28
 i.le_assign_connection_handle
                0x0000428c       0x28 C:\Program Files (x86)\Cypress\PSoC Creator\3.1\PSoC Creator\psoc\content\cycomponentlibrary\CyComponentLibrary.cylib\BLE_v1_20\Library\gccCyBLEStack_BLE_SOC_PERIPHERAL.a(ll_connection.o)
                0x0000428c                le_assign_connection_handle

i.le_get_connection_index
                0x000042b4        0x6
 i.le_get_connection_index
                0x000042b4        0x6 C:\Program Files (x86)\Cypress\PSoC Creator\3.1\PSoC Creator\psoc\content\cycomponentlibrary\CyComponentLibrary.cylib\BLE_v1_20\Library\gccCyBLEStack_BLE_SOC_PERIPHERAL.a(ll_connection.o)
                0x000042b4                le_get_connection_index

i.ll_allocate_connection
                0x000042bc       0x44
 i.ll_allocate_connection
                0x000042bc       0x44 C:\Program Files (x86)\Cypress\PSoC Creator\3.1\PSoC Creator\psoc\content\cycomponentlibrary\CyComponentLibrary.cylib\BLE_v1_20\Library\gccCyBLEStack_BLE_SOC_PERIPHERAL.a(ll_connection.o)
                0x000042bc                ll_allocate_connection

i.ll_calculate_and_program_def_win_widen_drift
                0x00004300       0x14
 i.ll_calculate_and_program_def_win_widen_drift
                0x00004300       0x14 C:\Program Files (x86)\Cypress\PSoC Creator\3.1\PSoC Creator\psoc\content\cycomponentlibrary\CyComponentLibrary.cylib\BLE_v1_20\Library\gccCyBLEStack_BLE_SOC_PERIPHERAL.a(ll_connection.o)
                0x00004300                ll_calculate_and_program_def_win_widen_drift

i.ll_calculate_drift
                0x00004314       0x2c
 i.ll_calculate_drift
                0x00004314       0x2c C:\Program Files (x86)\Cypress\PSoC Creator\3.1\PSoC Creator\psoc\content\cycomponentlibrary\CyComponentLibrary.cylib\BLE_v1_20\Library\gccCyBLEStack_BLE_SOC_PERIPHERAL.a(ll_connection.o)
                0x00004314                ll_calculate_drift

i.ll_check_and_decrypt_ll_pdu
                0x00004340       0x68
 i.ll_check_and_decrypt_ll_pdu
                0x00004340       0x68 C:\Program Files (x86)\Cypress\PSoC Creator\3.1\PSoC Creator\psoc\content\cycomponentlibrary\CyComponentLibrary.cylib\BLE_v1_20\Library\gccCyBLEStack_BLE_SOC_PERIPHERAL.a(ll_connection.o)
                0x00004340                ll_check_and_decrypt_ll_pdu

i.ll_check_and_decrypt_packet
                0x000043a8       0x6a
 i.ll_check_and_decrypt_packet
                0x000043a8       0x6a C:\Program Files (x86)\Cypress\PSoC Creator\3.1\PSoC Creator\psoc\content\cycomponentlibrary\CyComponentLibrary.cylib\BLE_v1_20\Library\gccCyBLEStack_BLE_SOC_PERIPHERAL.a(ll_connection.o)
                0x000043a8                ll_check_and_decrypt_packet

i.ll_check_and_encrypt_ll_pdu
                0x00004412       0x72
 i.ll_check_and_encrypt_ll_pdu
                0x00004412       0x72 C:\Program Files (x86)\Cypress\PSoC Creator\3.1\PSoC Creator\psoc\content\cycomponentlibrary\CyComponentLibrary.cylib\BLE_v1_20\Library\gccCyBLEStack_BLE_SOC_PERIPHERAL.a(ll_connection.o)
                0x00004412                ll_check_and_encrypt_ll_pdu

i.ll_check_and_encrypt_packet
                0x00004484       0x8a
 i.ll_check_and_encrypt_packet
                0x00004484       0x8a C:\Program Files (x86)\Cypress\PSoC Creator\3.1\PSoC Creator\psoc\content\cycomponentlibrary\CyComponentLibrary.cylib\BLE_v1_20\Library\gccCyBLEStack_BLE_SOC_PERIPHERAL.a(ll_connection.o)
                0x00004484                ll_check_and_encrypt_packet

i.ll_check_for_allowing_incoming_connection_update
                0x0000450e       0x42
 i.ll_check_for_allowing_incoming_connection_update
                0x0000450e       0x42 C:\Program Files (x86)\Cypress\PSoC Creator\3.1\PSoC Creator\psoc\content\cycomponentlibrary\CyComponentLibrary.cylib\BLE_v1_20\Library\gccCyBLEStack_BLE_SOC_PERIPHERAL.a(ll_connection.o)
                0x0000450e                ll_check_for_allowing_incoming_connection_update

i.ll_check_if_pdu_is_loaded_to_hardware
                0x00004550       0x1c
 i.ll_check_if_pdu_is_loaded_to_hardware
                0x00004550       0x1c C:\Program Files (x86)\Cypress\PSoC Creator\3.1\PSoC Creator\psoc\content\cycomponentlibrary\CyComponentLibrary.cylib\BLE_v1_20\Library\gccCyBLEStack_BLE_SOC_PERIPHERAL.a(ll_connection.o)
                0x00004550                ll_check_if_pdu_is_loaded_to_hardware

i.ll_check_random_address_in_use_by_initiator
                0x0000456c       0x30
 i.ll_check_random_address_in_use_by_initiator
                0x0000456c       0x30 C:\Program Files (x86)\Cypress\PSoC Creator\3.1\PSoC Creator\psoc\content\cycomponentlibrary\CyComponentLibrary.cylib\BLE_v1_20\Library\gccCyBLEStack_BLE_SOC_PERIPHERAL.a(ll_connection.o)
                0x0000456c                ll_check_random_address_in_use_by_initiator

i.ll_check_white_list_in_use_by_initiator
                0x0000459c       0x30
 i.ll_check_white_list_in_use_by_initiator
                0x0000459c       0x30 C:\Program Files (x86)\Cypress\PSoC Creator\3.1\PSoC Creator\psoc\content\cycomponentlibrary\CyComponentLibrary.cylib\BLE_v1_20\Library\gccCyBLEStack_BLE_SOC_PERIPHERAL.a(ll_connection.o)
                0x0000459c                ll_check_white_list_in_use_by_initiator

i.ll_conn_free_enc_txn_buffer
                0x000045cc       0x16
 i.ll_conn_free_enc_txn_buffer
                0x000045cc       0x16 C:\Program Files (x86)\Cypress\PSoC Creator\3.1\PSoC Creator\psoc\content\cycomponentlibrary\CyComponentLibrary.cylib\BLE_v1_20\Library\gccCyBLEStack_BLE_SOC_PERIPHERAL.a(ll_connection.o)
                0x000045cc                ll_conn_free_enc_txn_buffer

i.ll_conn_fsm_update_channel_state
                0x000045e2        0x6
 i.ll_conn_fsm_update_channel_state
                0x000045e2        0x6 C:\Program Files (x86)\Cypress\PSoC Creator\3.1\PSoC Creator\psoc\content\cycomponentlibrary\CyComponentLibrary.cylib\BLE_v1_20\Library\gccCyBLEStack_BLE_SOC_PERIPHERAL.a(ll_connection.o)
                0x000045e2                ll_conn_fsm_update_channel_state

i.ll_conn_fsm_update_conn_update_state
                0x000045e8        0x6
 i.ll_conn_fsm_update_conn_update_state
                0x000045e8        0x6 C:\Program Files (x86)\Cypress\PSoC Creator\3.1\PSoC Creator\psoc\content\cycomponentlibrary\CyComponentLibrary.cylib\BLE_v1_20\Library\gccCyBLEStack_BLE_SOC_PERIPHERAL.a(ll_connection.o)
                0x000045e8                ll_conn_fsm_update_conn_update_state

i.ll_conn_fsm_update_enc_state
                0x000045ee        0x6
 i.ll_conn_fsm_update_enc_state
                0x000045ee        0x6 C:\Program Files (x86)\Cypress\PSoC Creator\3.1\PSoC Creator\psoc\content\cycomponentlibrary\CyComponentLibrary.cylib\BLE_v1_20\Library\gccCyBLEStack_BLE_SOC_PERIPHERAL.a(ll_connection.o)
                0x000045ee                ll_conn_fsm_update_enc_state

i.ll_conn_fsm_update_state
                0x000045f4        0x4
 i.ll_conn_fsm_update_state
                0x000045f4        0x4 C:\Program Files (x86)\Cypress\PSoC Creator\3.1\PSoC Creator\psoc\content\cycomponentlibrary\CyComponentLibrary.cylib\BLE_v1_20\Library\gccCyBLEStack_BLE_SOC_PERIPHERAL.a(ll_connection.o)
                0x000045f4                ll_conn_fsm_update_state

i.ll_conn_handle_data_pdu_from_host_when_data_paused
                0x000045f8        0x8
 i.ll_conn_handle_data_pdu_from_host_when_data_paused
                0x000045f8        0x8 C:\Program Files (x86)\Cypress\PSoC Creator\3.1\PSoC Creator\psoc\content\cycomponentlibrary\CyComponentLibrary.cylib\BLE_v1_20\Library\gccCyBLEStack_BLE_SOC_PERIPHERAL.a(ll_connection.o)
                0x000045f8                ll_conn_handle_data_pdu_from_host_when_data_paused

i.ll_conn_handle_direct_adv_timeout
                0x00004600       0x2a
 i.ll_conn_handle_direct_adv_timeout
                0x00004600       0x2a C:\Program Files (x86)\Cypress\PSoC Creator\3.1\PSoC Creator\psoc\content\cycomponentlibrary\CyComponentLibrary.cylib\BLE_v1_20\Library\gccCyBLEStack_BLE_SOC_PERIPHERAL.a(ll_connection.o)
                0x00004600                ll_conn_handle_direct_adv_timeout

i.ll_conn_handle_ping_timer_expired_interrupt
                0x0000462c       0x1c
 i.ll_conn_handle_ping_timer_expired_interrupt
                0x0000462c       0x1c C:\Program Files (x86)\Cypress\PSoC Creator\3.1\PSoC Creator\psoc\content\cycomponentlibrary\CyComponentLibrary.cylib\BLE_v1_20\Library\gccCyBLEStack_BLE_SOC_PERIPHERAL.a(ll_connection.o)
                0x0000462c                ll_conn_handle_ping_timer_expired_interrupt

i.ll_conn_handle_ping_timer_nearly_expired_interrupt
                0x00004648       0x20
 i.ll_conn_handle_ping_timer_nearly_expired_interrupt
                0x00004648       0x20 C:\Program Files (x86)\Cypress\PSoC Creator\3.1\PSoC Creator\psoc\content\cycomponentlibrary\CyComponentLibrary.cylib\BLE_v1_20\Library\gccCyBLEStack_BLE_SOC_PERIPHERAL.a(ll_connection.o)
                0x00004648                ll_conn_handle_ping_timer_nearly_expired_interrupt

i.ll_conn_handle_stop_connectable_adv